Archive member included to satisfy reference by file (symbol)

../Middlewares/ST/STM32_Audio/Addons/PDM/Lib\libPDMFilter_CM4_GCC_wc32.a(pdm_filter.o)
                              ./Drivers/BSP/STM32F4-Discovery/stm32f4_discovery_audio.o (PDM_Filter_Init)
../Middlewares/ST/STM32_Audio/Addons/PDM/Lib\libPDMFilter_CM4_GCC_wc32.a(stm32_crc_lock.o)
                              ../Middlewares/ST/STM32_Audio/Addons/PDM/Lib\libPDMFilter_CM4_GCC_wc32.a(pdm_filter.o) (CRC_Lock)
C:/ST/STM32CubeIDE_1.13.2/STM32CubeIDE/plugins/com.st.stm32cube.ide.mcu.externaltools.gnu-tools-for-stm32.11.3.rel1.win32_1.1.1.202309131626/tools/bin/../lib/gcc/arm-none-eabi/11.3.1/../../../../arm-none-eabi/lib/thumb/v7e-m+fp/hard\libc_nano.a(libc_a-exit.o)
                              C:/ST/STM32CubeIDE_1.13.2/STM32CubeIDE/plugins/com.st.stm32cube.ide.mcu.externaltools.gnu-tools-for-stm32.11.3.rel1.win32_1.1.1.202309131626/tools/bin/../lib/gcc/arm-none-eabi/11.3.1/../../../../arm-none-eabi/lib/thumb/v7e-m+fp/hard/crt0.o (exit)
C:/ST/STM32CubeIDE_1.13.2/STM32CubeIDE/plugins/com.st.stm32cube.ide.mcu.externaltools.gnu-tools-for-stm32.11.3.rel1.win32_1.1.1.202309131626/tools/bin/../lib/gcc/arm-none-eabi/11.3.1/../../../../arm-none-eabi/lib/thumb/v7e-m+fp/hard\libc_nano.a(libc_a-findfp.o)
                              C:/ST/STM32CubeIDE_1.13.2/STM32CubeIDE/plugins/com.st.stm32cube.ide.mcu.externaltools.gnu-tools-for-stm32.11.3.rel1.win32_1.1.1.202309131626/tools/bin/../lib/gcc/arm-none-eabi/11.3.1/../../../../arm-none-eabi/lib/thumb/v7e-m+fp/hard\libc_nano.a(libc_a-exit.o) (__stdio_exit_handler)
C:/ST/STM32CubeIDE_1.13.2/STM32CubeIDE/plugins/com.st.stm32cube.ide.mcu.externaltools.gnu-tools-for-stm32.11.3.rel1.win32_1.1.1.202309131626/tools/bin/../lib/gcc/arm-none-eabi/11.3.1/../../../../arm-none-eabi/lib/thumb/v7e-m+fp/hard\libc_nano.a(libc_a-fwalk.o)
                              C:/ST/STM32CubeIDE_1.13.2/STM32CubeIDE/plugins/com.st.stm32cube.ide.mcu.externaltools.gnu-tools-for-stm32.11.3.rel1.win32_1.1.1.202309131626/tools/bin/../lib/gcc/arm-none-eabi/11.3.1/../../../../arm-none-eabi/lib/thumb/v7e-m+fp/hard\libc_nano.a(libc_a-findfp.o) (_fwalk_sglue)
C:/ST/STM32CubeIDE_1.13.2/STM32CubeIDE/plugins/com.st.stm32cube.ide.mcu.externaltools.gnu-tools-for-stm32.11.3.rel1.win32_1.1.1.202309131626/tools/bin/../lib/gcc/arm-none-eabi/11.3.1/../../../../arm-none-eabi/lib/thumb/v7e-m+fp/hard\libc_nano.a(libc_a-stdio.o)
                              C:/ST/STM32CubeIDE_1.13.2/STM32CubeIDE/plugins/com.st.stm32cube.ide.mcu.externaltools.gnu-tools-for-stm32.11.3.rel1.win32_1.1.1.202309131626/tools/bin/../lib/gcc/arm-none-eabi/11.3.1/../../../../arm-none-eabi/lib/thumb/v7e-m+fp/hard\libc_nano.a(libc_a-findfp.o) (__sread)
C:/ST/STM32CubeIDE_1.13.2/STM32CubeIDE/plugins/com.st.stm32cube.ide.mcu.externaltools.gnu-tools-for-stm32.11.3.rel1.win32_1.1.1.202309131626/tools/bin/../lib/gcc/arm-none-eabi/11.3.1/../../../../arm-none-eabi/lib/thumb/v7e-m+fp/hard\libc_nano.a(libc_a-memset.o)
                              C:/ST/STM32CubeIDE_1.13.2/STM32CubeIDE/plugins/com.st.stm32cube.ide.mcu.externaltools.gnu-tools-for-stm32.11.3.rel1.win32_1.1.1.202309131626/tools/bin/../lib/gcc/arm-none-eabi/11.3.1/../../../../arm-none-eabi/lib/thumb/v7e-m+fp/hard/crt0.o (memset)
C:/ST/STM32CubeIDE_1.13.2/STM32CubeIDE/plugins/com.st.stm32cube.ide.mcu.externaltools.gnu-tools-for-stm32.11.3.rel1.win32_1.1.1.202309131626/tools/bin/../lib/gcc/arm-none-eabi/11.3.1/../../../../arm-none-eabi/lib/thumb/v7e-m+fp/hard\libc_nano.a(libc_a-closer.o)
                              C:/ST/STM32CubeIDE_1.13.2/STM32CubeIDE/plugins/com.st.stm32cube.ide.mcu.externaltools.gnu-tools-for-stm32.11.3.rel1.win32_1.1.1.202309131626/tools/bin/../lib/gcc/arm-none-eabi/11.3.1/../../../../arm-none-eabi/lib/thumb/v7e-m+fp/hard\libc_nano.a(libc_a-stdio.o) (_close_r)
C:/ST/STM32CubeIDE_1.13.2/STM32CubeIDE/plugins/com.st.stm32cube.ide.mcu.externaltools.gnu-tools-for-stm32.11.3.rel1.win32_1.1.1.202309131626/tools/bin/../lib/gcc/arm-none-eabi/11.3.1/../../../../arm-none-eabi/lib/thumb/v7e-m+fp/hard\libc_nano.a(libc_a-reent.o)
                              C:/ST/STM32CubeIDE_1.13.2/STM32CubeIDE/plugins/com.st.stm32cube.ide.mcu.externaltools.gnu-tools-for-stm32.11.3.rel1.win32_1.1.1.202309131626/tools/bin/../lib/gcc/arm-none-eabi/11.3.1/../../../../arm-none-eabi/lib/thumb/v7e-m+fp/hard\libc_nano.a(libc_a-closer.o) (errno)
C:/ST/STM32CubeIDE_1.13.2/STM32CubeIDE/plugins/com.st.stm32cube.ide.mcu.externaltools.gnu-tools-for-stm32.11.3.rel1.win32_1.1.1.202309131626/tools/bin/../lib/gcc/arm-none-eabi/11.3.1/../../../../arm-none-eabi/lib/thumb/v7e-m+fp/hard\libc_nano.a(libc_a-impure.o)
                              C:/ST/STM32CubeIDE_1.13.2/STM32CubeIDE/plugins/com.st.stm32cube.ide.mcu.externaltools.gnu-tools-for-stm32.11.3.rel1.win32_1.1.1.202309131626/tools/bin/../lib/gcc/arm-none-eabi/11.3.1/../../../../arm-none-eabi/lib/thumb/v7e-m+fp/hard\libc_nano.a(libc_a-reent.o) (_impure_ptr)
[...]
Memory Configuration

Name             Origin             Length             Attributes
CCMRAM           0x0000000010000000 0x0000000000010000 xrw
RAM              0x0000000020000000 0x0000000000020000 xrw
FLASH            0x0000000008000000 0x0000000000100000 xr
*default*        0x0000000000000000 0xffffffffffffffff

Linker script and memory map

LOAD C:/ST/STM32CubeIDE_1.13.2/STM32CubeIDE/plugins/com.st.stm32cube.ide.mcu.externaltools.gnu-tools-for-stm32.11.3.rel1.win32_1.1.1.202309131626/tools/bin/../lib/gcc/arm-none-eabi/11.3.1/thumb/v7e-m+fp/hard/crti.o
LOAD C:/ST/STM32CubeIDE_1.13.2/STM32CubeIDE/plugins/com.st.stm32cube.ide.mcu.externaltools.gnu-tools-for-stm32.11.3.rel1.win32_1.1.1.202309131626/tools/bin/../lib/gcc/arm-none-eabi/11.3.1/thumb/v7e-m+fp/hard/crtbegin.o
LOAD C:/ST/STM32CubeIDE_1.13.2/STM32CubeIDE/plugins/com.st.stm32cube.ide.mcu.externaltools.gnu-tools-for-stm32.11.3.rel1.win32_1.1.1.202309131626/tools/bin/../lib/gcc/arm-none-eabi/11.3.1/../../../../arm-none-eabi/lib/thumb/v7e-m+fp/hard/crt0.o
LOAD ./Core/Src/main.o
LOAD ./Core/Src/stm32f4xx_hal_msp.o
LOAD ./Core/Src/stm32f4xx_it.o
LOAD ./Core/Src/syscalls.o
LOAD ./Core/Src/sysmem.o
LOAD ./Core/Src/system_stm32f4xx.o
LOAD ./Core/Startup/startup_stm32f407vgtx.o
LOAD ./Drivers/BSP/Components/cs43l22/cs43l22.o
LOAD ./Drivers/BSP/Components/dp83848/dp83848.o
LOAD ./Drivers/BSP/Components/exc7200/exc7200.o
LOAD ./Drivers/BSP/Components/ft3x67/ft3x67.o
LOAD ./Drivers/BSP/Components/ft6x06/ft6x06.o
LOAD ./Drivers/BSP/Components/i3g4250d/i3g4250d.o
LOAD ./Drivers/BSP/Components/ili9325/ili9325.o
LOAD ./Drivers/BSP/Components/ili9341/ili9341.o
LOAD ./Drivers/BSP/Components/l3gd20/l3gd20.o
LOAD ./Drivers/BSP/Components/lan8742/lan8742.o
LOAD ./Drivers/BSP/Components/lis302dl/lis302dl.o
LOAD ./Drivers/BSP/Components/lis3dsh/lis3dsh.o
LOAD ./Drivers/BSP/Components/ls016b8uy/ls016b8uy.o
LOAD ./Drivers/BSP/Components/lsm303agr/lsm303agr.o
LOAD ./Drivers/BSP/Components/lsm303dlhc/lsm303dlhc.o
LOAD ./Drivers/BSP/Components/mfxstm32l152/mfxstm32l152.o
LOAD ./Drivers/BSP/Components/nt35510/nt35510.o
LOAD ./Drivers/BSP/Components/otm8009a/otm8009a.o
LOAD ./Drivers/BSP/Components/ov2640/ov2640.o
LOAD ./Drivers/BSP/Components/ov5640/ov5640.o
LOAD ./Drivers/BSP/Components/s5k5cag/s5k5cag.o
LOAD ./Drivers/BSP/Components/st7735/st7735.o
LOAD ./Drivers/BSP/Components/st7789h2/st7789h2.o
LOAD ./Drivers/BSP/Components/stmpe1600/stmpe1600.o
LOAD ./Drivers/BSP/Components/stmpe811/stmpe811.o
LOAD ./Drivers/BSP/Components/ts3510/ts3510.o
LOAD ./Drivers/BSP/Components/wm8994/wm8994.o
LOAD ./Drivers/BSP/STM32F4-Discovery/stm32f4_discovery.o
LOAD ./Drivers/BSP/STM32F4-Discovery/stm32f4_discovery_accelerometer.o
LOAD ./Drivers/BSP/STM32F4-Discovery/stm32f4_discovery_audio.o
LOAD ./Drivers/STM32F4xx_HAL_Driver/Src/stm32f4xx_hal.o
LOAD ./Drivers/STM32F4xx_HAL_Driver/Src/stm32f4xx_hal_cortex.o
LOAD ./Drivers/STM32F4xx_HAL_Driver/Src/stm32f4xx_hal_crc.o
LOAD ./Drivers/STM32F4xx_HAL_Driver/Src/stm32f4xx_hal_dma.o
LOAD ./Drivers/STM32F4xx_HAL_Driver/Src/stm32f4xx_hal_dma_ex.o
LOAD ./Drivers/STM32F4xx_HAL_Driver/Src/stm32f4xx_hal_exti.o
LOAD ./Drivers/STM32F4xx_HAL_Driver/Src/stm32f4xx_hal_flash.o
LOAD ./Drivers/STM32F4xx_HAL_Driver/Src/stm32f4xx_hal_flash_ex.o
LOAD ./Drivers/STM32F4xx_HAL_Driver/Src/stm32f4xx_hal_flash_ramfunc.o
LOAD ./Drivers/STM32F4xx_HAL_Driver/Src/stm32f4xx_hal_gpio.o
LOAD ./Drivers/STM32F4xx_HAL_Driver/Src/stm32f4xx_hal_i2c.o
LOAD ./Drivers/STM32F4xx_HAL_Driver/Src/stm32f4xx_hal_i2c_ex.o
LOAD ./Drivers/STM32F4xx_HAL_Driver/Src/stm32f4xx_hal_i2s.o
LOAD ./Drivers/STM32F4xx_HAL_Driver/Src/stm32f4xx_hal_i2s_ex.o
LOAD ./Drivers/STM32F4xx_HAL_Driver/Src/stm32f4xx_hal_pcd.o
LOAD ./Drivers/STM32F4xx_HAL_Driver/Src/stm32f4xx_hal_pcd_ex.o
LOAD ./Drivers/STM32F4xx_HAL_Driver/Src/stm32f4xx_hal_pwr.o
LOAD ./Drivers/STM32F4xx_HAL_Driver/Src/stm32f4xx_hal_pwr_ex.o
LOAD ./Drivers/STM32F4xx_HAL_Driver/Src/stm32f4xx_hal_rcc.o
LOAD ./Drivers/STM32F4xx_HAL_Driver/Src/stm32f4xx_hal_rcc_ex.o
LOAD ./Drivers/STM32F4xx_HAL_Driver/Src/stm32f4xx_hal_spi.o
LOAD ./Drivers/STM32F4xx_HAL_Driver/Src/stm32f4xx_hal_tim.o
LOAD ./Drivers/STM32F4xx_HAL_Driver/Src/stm32f4xx_hal_tim_ex.o
LOAD ./Drivers/STM32F4xx_HAL_Driver/Src/stm32f4xx_ll_usb.o
LOAD ./PDM2PCM/App/pdm2pcm.o
START GROUP
LOAD ../Middlewares/ST/STM32_Audio/Addons/PDM/Lib\libPDMFilter_CM4_GCC_wc32.a
LOAD ../Middlewares/ST/STM32_Audio/Addons/PDM/Lib\libPDMFilter_CM4_IAR_wc32.a
END GROUP
START GROUP
LOAD C:/ST/STM32CubeIDE_1.13.2/STM32CubeIDE/plugins/com.st.stm32cube.ide.mcu.externaltools.gnu-tools-for-stm32.11.3.rel1.win32_1.1.1.202309131626/tools/bin/../lib/gcc/arm-none-eabi/11.3.1/../../../../arm-none-eabi/lib/thumb/v7e-m+fp/hard\libc_nano.a
LOAD C:/ST/STM32CubeIDE_1.13.2/STM32CubeIDE/plugins/com.st.stm32cube.ide.mcu.externaltools.gnu-tools-for-stm32.11.3.rel1.win32_1.1.1.202309131626/tools/bin/../lib/gcc/arm-none-eabi/11.3.1/../../../../arm-none-eabi/lib/thumb/v7e-m+fp/hard\libm.a
END GROUP
START GROUP
LOAD C:/ST/STM32CubeIDE_1.13.2/STM32CubeIDE/plugins/com.st.stm32cube.ide.mcu.externaltools.gnu-tools-for-stm32.11.3.rel1.win32_1.1.1.202309131626/tools/bin/../lib/gcc/arm-none-eabi/11.3.1/thumb/v7e-m+fp/hard\libgcc.a
LOAD C:/ST/STM32CubeIDE_1.13.2/STM32CubeIDE/plugins/com.st.stm32cube.ide.mcu.externaltools.gnu-tools-for-stm32.11.3.rel1.win32_1.1.1.202309131626/tools/bin/../lib/gcc/arm-none-eabi/11.3.1/../../../../arm-none-eabi/lib/thumb/v7e-m+fp/hard\libc_nano.a
END GROUP
START GROUP
LOAD C:/ST/STM32CubeIDE_1.13.2/STM32CubeIDE/plugins/com.st.stm32cube.ide.mcu.externaltools.gnu-tools-for-stm32.11.3.rel1.win32_1.1.1.202309131626/tools/bin/../lib/gcc/arm-none-eabi/11.3.1/thumb/v7e-m+fp/hard\libgcc.a
LOAD C:/ST/STM32CubeIDE_1.13.2/STM32CubeIDE/plugins/com.st.stm32cube.ide.mcu.externaltools.gnu-tools-for-stm32.11.3.rel1.win32_1.1.1.202309131626/tools/bin/../lib/gcc/arm-none-eabi/11.3.1/../../../../arm-none-eabi/lib/thumb/v7e-m+fp/hard\libc_nano.a
LOAD C:/ST/STM32CubeIDE_1.13.2/STM32CubeIDE/plugins/com.st.stm32cube.ide.mcu.externaltools.gnu-tools-for-stm32.11.3.rel1.win32_1.1.1.202309131626/tools/bin/../lib/gcc/arm-none-eabi/11.3.1/../../../../arm-none-eabi/lib/thumb/v7e-m+fp/hard\libnosys.a
END GROUP
START GROUP
LOAD C:/ST/STM32CubeIDE_1.13.2/STM32CubeIDE/plugins/com.st.stm32cube.ide.mcu.externaltools.gnu-tools-for-stm32.11.3.rel1.win32_1.1.1.202309131626/tools/bin/../lib/gcc/arm-none-eabi/11.3.1/thumb/v7e-m+fp/hard\libgcc.a
LOAD C:/ST/STM32CubeIDE_1.13.2/STM32CubeIDE/plugins/com.st.stm32cube.ide.mcu.externaltools.gnu-tools-for-stm32.11.3.rel1.win32_1.1.1.202309131626/tools/bin/../lib/gcc/arm-none-eabi/11.3.1/../../../../arm-none-eabi/lib/thumb/v7e-m+fp/hard\libc_nano.a
LOAD C:/ST/STM32CubeIDE_1.13.2/STM32CubeIDE/plugins/com.st.stm32cube.ide.mcu.externaltools.gnu-tools-for-stm32.11.3.rel1.win32_1.1.1.202309131626/tools/bin/../lib/gcc/arm-none-eabi/11.3.1/../../../../arm-none-eabi/lib/thumb/v7e-m+fp/hard\libnosys.a
END GROUP
LOAD C:/ST/STM32CubeIDE_1.13.2/STM32CubeIDE/plugins/com.st.stm32cube.ide.mcu.externaltools.gnu-tools-for-stm32.11.3.rel1.win32_1.1.1.202309131626/tools/bin/../lib/gcc/arm-none-eabi/11.3.1/thumb/v7e-m+fp/hard/crtend.o
LOAD C:/ST/STM32CubeIDE_1.13.2/STM32CubeIDE/plugins/com.st.stm32cube.ide.mcu.externaltools.gnu-tools-for-stm32.11.3.rel1.win32_1.1.1.202309131626/tools/bin/../lib/gcc/arm-none-eabi/11.3.1/thumb/v7e-m+fp/hard/crtn.o
                0x0000000020020000                _estack = (ORIGIN (RAM) + LENGTH (RAM))
                0x0000000000000200                _Min_Heap_Size = 0x200
                0x0000000000000400                _Min_Stack_Size = 0x400

.isr_vector     0x0000000008000000      0x188
                0x0000000008000000                . = ALIGN (0x4)
 *(.isr_vector)
 .isr_vector    0x0000000008000000      0x188 ./Core/Startup/startup_stm32f407vgtx.o
                0x0000000008000000                g_pfnVectors
                0x0000000008000188                . = ALIGN (0x4)

.text           0x0000000008000188     0x9a1c
                0x0000000008000188                . = ALIGN (0x4)
 *(.text)
 .text          0x0000000008000188       0x40 C:/ST/STM32CubeIDE_1.13.2/STM32CubeIDE/plugins/com.st.stm32cube.ide.mcu.externaltools.gnu-tools-for-stm32.11.3.rel1.win32_1.1.1.202309131626/tools/bin/../lib/gcc/arm-none-eabi/11.3.1/thumb/v7e-m+fp/hard/crtbegin.o
 .text          0x00000000080001c8       0x30 C:/ST/STM32CubeIDE_1.13.2/STM32CubeIDE/plugins/com.st.stm32cube.ide.mcu.externaltools.gnu-tools-for-stm32.11.3.rel1.win32_1.1.1.202309131626/tools/bin/../lib/gcc/arm-none-eabi/11.3.1/thumb/v7e-m+fp/hard\libgcc.a(_aeabi_uldivmod.o)
                0x00000000080001c8                __aeabi_uldivmod
 .text          0x00000000080001f8      0x2c8 C:/ST/STM32CubeIDE_1.13.2/STM32CubeIDE/plugins/com.st.stm32cube.ide.mcu.externaltools.gnu-tools-for-stm32.11.3.rel1.win32_1.1.1.202309131626/tools/bin/../lib/gcc/arm-none-eabi/11.3.1/thumb/v7e-m+fp/hard\libgcc.a(_udivmoddi4.o)
                0x00000000080001f8                __udivmoddi4
 .text          0x00000000080004c0        0x4 C:/ST/STM32CubeIDE_1.13.2/STM32CubeIDE/plugins/com.st.stm32cube.ide.mcu.externaltools.gnu-tools-for-stm32.11.3.rel1.win32_1.1.1.202309131626/tools/bin/../lib/gcc/arm-none-eabi/11.3.1/thumb/v7e-m+fp/hard\libgcc.a(_dvmd_tls.o)
                0x00000000080004c0                __aeabi_idiv0
                0x00000000080004c0                __aeabi_ldiv0
 *(.text*)
 .text.Echo     0x00000000080004c4       0x90 ./Core/Src/main.o
                0x00000000080004c4                Echo
 .text.main     0x0000000008000554      0x138 ./Core/Src/main.o
                0x0000000008000554                main
 .text.SystemClock_Config
                0x000000000800068c       0xd4 ./Core/Src/main.o
                0x000000000800068c                SystemClock_Config
 .text.MX_CRC_Init
                0x0000000008000760       0x38 ./Core/Src/main.o
 .text.MX_I2C1_Init
                0x0000000008000798       0x5c ./Core/Src/main.o
 .text.MX_I2S3_Init
                0x00000000080007f4       0x60 ./Core/Src/main.o
 .text.MX_SPI1_Init
                0x0000000008000854       0x6c ./Core/Src/main.o
 .text.MX_USB_OTG_FS_PCD_Init
                0x00000000080008c0       0x5c ./Core/Src/main.o
 .text.MX_DMA_Init
                0x000000000800091c       0x40 ./Core/Src/main.o
 .text.MX_GPIO_Init
                0x000000000800095c      0x1fc ./Core/Src/main.o
 .text.BSP_AUDIO_OUT_HalfTransfer_CallBack
                0x0000000008000b58       0xcc ./Core/Src/main.o
                0x0000000008000b58                BSP_AUDIO_OUT_HalfTransfer_CallBack
 .text.BSP_AUDIO_OUT_TransferComplete_CallBack
                0x0000000008000c24       0xe4 ./Core/Src/main.o
                0x0000000008000c24                BSP_AUDIO_OUT_TransferComplete_CallBack
 .text.Error_Handler
                0x0000000008000d08       0x1c ./Core/Src/main.o
                0x0000000008000d08                Error_Handler
 .text.HAL_MspInit
                0x0000000008000d24       0x50 ./Core/Src/stm32f4xx_hal_msp.o
                0x0000000008000d24                HAL_MspInit
 .text.HAL_CRC_MspInit
                0x0000000008000d74       0x44 ./Core/Src/stm32f4xx_hal_msp.o
                0x0000000008000d74                HAL_CRC_MspInit
 .text.HAL_I2C_MspInit
                0x0000000008000db8       0x90 ./Core/Src/stm32f4xx_hal_msp.o
                0x0000000008000db8                HAL_I2C_MspInit
 .text.HAL_I2C_MspDeInit
                0x0000000008000e48       0x44 ./Core/Src/stm32f4xx_hal_msp.o
                0x0000000008000e48                HAL_I2C_MspDeInit
 .text.HAL_I2S_MspInit
                0x0000000008000e8c      0x168 ./Core/Src/stm32f4xx_hal_msp.o
                0x0000000008000e8c                HAL_I2S_MspInit
 .text.HAL_SPI_MspInit
                0x0000000008000ff4       0x90 ./Core/Src/stm32f4xx_hal_msp.o
                0x0000000008000ff4                HAL_SPI_MspInit
 .text.HAL_PCD_MspInit
                0x0000000008001084       0xc4 ./Core/Src/stm32f4xx_hal_msp.o
                0x0000000008001084                HAL_PCD_MspInit
 .text.NMI_Handler
                0x0000000008001148        0x6 ./Core/Src/stm32f4xx_it.o
                0x0000000008001148                NMI_Handler
 .text.HardFault_Handler
                0x000000000800114e        0x6 ./Core/Src/stm32f4xx_it.o
                0x000000000800114e                HardFault_Handler
 .text.MemManage_Handler
                0x0000000008001154        0x6 ./Core/Src/stm32f4xx_it.o
                0x0000000008001154                MemManage_Handler
 .text.BusFault_Handler
                0x000000000800115a        0x6 ./Core/Src/stm32f4xx_it.o
                0x000000000800115a                BusFault_Handler
 .text.UsageFault_Handler
                0x0000000008001160        0x6 ./Core/Src/stm32f4xx_it.o
                0x0000000008001160                UsageFault_Handler
 .text.SVC_Handler
                0x0000000008001166        0xe ./Core/Src/stm32f4xx_it.o
                0x0000000008001166                SVC_Handler
 .text.DebugMon_Handler
                0x0000000008001174        0xe ./Core/Src/stm32f4xx_it.o
                0x0000000008001174                DebugMon_Handler
 .text.PendSV_Handler
                0x0000000008001182        0xe ./Core/Src/stm32f4xx_it.o
                0x0000000008001182                PendSV_Handler
 .text.SysTick_Handler
                0x0000000008001190        0xc ./Core/Src/stm32f4xx_it.o
                0x0000000008001190                SysTick_Handler
 .text.DMA1_Stream5_IRQHandler
                0x000000000800119c       0x14 ./Core/Src/stm32f4xx_it.o
                0x000000000800119c                DMA1_Stream5_IRQHandler
 .text.OTG_FS_IRQHandler
                0x00000000080011b0       0x14 ./Core/Src/stm32f4xx_it.o
                0x00000000080011b0                OTG_FS_IRQHandler
 .text.SystemInit
                0x00000000080011c4       0x24 ./Core/Src/system_stm32f4xx.o
                0x00000000080011c4                SystemInit
 .text.Reset_Handler
                0x00000000080011e8       0x50 ./Core/Startup/startup_stm32f407vgtx.o
                0x00000000080011e8                Reset_Handler
 .text.Default_Handler
                0x0000000008001238        0x2 ./Core/Startup/startup_stm32f407vgtx.o
                0x0000000008001238                RTC_Alarm_IRQHandler
                0x0000000008001238                HASH_RNG_IRQHandler
                0x0000000008001238                EXTI2_IRQHandler
                0x0000000008001238                TIM8_CC_IRQHandler
                0x0000000008001238                TIM1_CC_IRQHandler
                0x0000000008001238                DMA2_Stream5_IRQHandler
                0x0000000008001238                PVD_IRQHandler
                0x0000000008001238                SDIO_IRQHandler
                0x0000000008001238                TAMP_STAMP_IRQHandler
                0x0000000008001238                CAN2_RX1_IRQHandler
                0x0000000008001238                EXTI3_IRQHandler
                0x0000000008001238                TIM8_TRG_COM_TIM14_IRQHandler
                0x0000000008001238                TIM1_UP_TIM10_IRQHandler
                0x0000000008001238                TIM8_UP_TIM13_IRQHandler
                0x0000000008001238                I2C3_ER_IRQHandler
                0x0000000008001238                EXTI0_IRQHandler
                0x0000000008001238                I2C2_EV_IRQHandler
                0x0000000008001238                DMA1_Stream2_IRQHandler
                0x0000000008001238                CAN1_RX0_IRQHandler
                0x0000000008001238                FPU_IRQHandler
                0x0000000008001238                OTG_HS_WKUP_IRQHandler
                0x0000000008001238                CAN2_SCE_IRQHandler
                0x0000000008001238                DMA2_Stream2_IRQHandler
                0x0000000008001238                SPI1_IRQHandler
                0x0000000008001238                TIM6_DAC_IRQHandler
                0x0000000008001238                TIM1_BRK_TIM9_IRQHandler
                0x0000000008001238                DCMI_IRQHandler
                0x0000000008001238                CAN2_RX0_IRQHandler
                0x0000000008001238                DMA2_Stream3_IRQHandler
                0x0000000008001238                USART6_IRQHandler
                0x0000000008001238                USART3_IRQHandler
                0x0000000008001238                CAN1_RX1_IRQHandler
                0x0000000008001238                UART5_IRQHandler
                0x0000000008001238                DMA2_Stream0_IRQHandler
                0x0000000008001238                TIM4_IRQHandler
                0x0000000008001238                I2C1_EV_IRQHandler
                0x0000000008001238                DMA1_Stream6_IRQHandler
                0x0000000008001238                DMA1_Stream1_IRQHandler
                0x0000000008001238                UART4_IRQHandler
                0x0000000008001238                TIM3_IRQHandler
                0x0000000008001238                RCC_IRQHandler
                0x0000000008001238                TIM8_BRK_TIM12_IRQHandler
                0x0000000008001238                Default_Handler
                0x0000000008001238                EXTI15_10_IRQHandler
                0x0000000008001238                ADC_IRQHandler
                0x0000000008001238                DMA1_Stream7_IRQHandler
                0x0000000008001238                TIM7_IRQHandler
                0x0000000008001238                CAN2_TX_IRQHandler
                0x0000000008001238                TIM5_IRQHandler
                0x0000000008001238                DMA2_Stream7_IRQHandler
                0x0000000008001238                I2C3_EV_IRQHandler
                0x0000000008001238                EXTI9_5_IRQHandler
                0x0000000008001238                RTC_WKUP_IRQHandler
                0x0000000008001238                ETH_WKUP_IRQHandler
                0x0000000008001238                SPI2_IRQHandler
                0x0000000008001238                OTG_HS_EP1_IN_IRQHandler
                0x0000000008001238                DMA1_Stream0_IRQHandler
                0x0000000008001238                CAN1_TX_IRQHandler
                0x0000000008001238                EXTI4_IRQHandler
                0x0000000008001238                FSMC_IRQHandler
                0x0000000008001238                ETH_IRQHandler
                0x0000000008001238                OTG_HS_EP1_OUT_IRQHandler
                0x0000000008001238                WWDG_IRQHandler
                0x0000000008001238                TIM2_IRQHandler
                0x0000000008001238                OTG_FS_WKUP_IRQHandler
                0x0000000008001238                TIM1_TRG_COM_TIM11_IRQHandler
                0x0000000008001238                OTG_HS_IRQHandler
                0x0000000008001238                EXTI1_IRQHandler
                0x0000000008001238                USART2_IRQHandler
                0x0000000008001238                I2C2_ER_IRQHandler
                0x0000000008001238                DMA2_Stream1_IRQHandler
                0x0000000008001238                CAN1_SCE_IRQHandler
                0x0000000008001238                FLASH_IRQHandler
                0x0000000008001238                DMA2_Stream4_IRQHandler
                0x0000000008001238                USART1_IRQHandler
                0x0000000008001238                SPI3_IRQHandler
                0x0000000008001238                DMA1_Stream4_IRQHandler
                0x0000000008001238                I2C1_ER_IRQHandler
                0x0000000008001238                DMA2_Stream6_IRQHandler
                0x0000000008001238                DMA1_Stream3_IRQHandler
 *fill*         0x000000000800123a        0x2 
 .text.cs43l22_Init
                0x000000000800123c      0x1c8 ./Drivers/BSP/Components/cs43l22/cs43l22.o
                0x000000000800123c                cs43l22_Init
 .text.cs43l22_DeInit
                0x0000000008001404        0xc ./Drivers/BSP/Components/cs43l22/cs43l22.o
                0x0000000008001404                cs43l22_DeInit
 .text.cs43l22_ReadID
                0x0000000008001410       0x30 ./Drivers/BSP/Components/cs43l22/cs43l22.o
                0x0000000008001410                cs43l22_ReadID
 .text.cs43l22_Play
                0x0000000008001440       0x74 ./Drivers/BSP/Components/cs43l22/cs43l22.o
                0x0000000008001440                cs43l22_Play
 .text.cs43l22_Pause
                0x00000000080014b4       0x42 ./Drivers/BSP/Components/cs43l22/cs43l22.o
                0x00000000080014b4                cs43l22_Pause
 *fill*         0x00000000080014f6        0x2 
 .text.cs43l22_Resume
                0x00000000080014f8       0x78 ./Drivers/BSP/Components/cs43l22/cs43l22.o
                0x00000000080014f8                cs43l22_Resume
 .text.cs43l22_Stop
                0x0000000008001570       0x68 ./Drivers/BSP/Components/cs43l22/cs43l22.o
                0x0000000008001570                cs43l22_Stop
 .text.cs43l22_SetVolume
                0x00000000080015d8       0xbc ./Drivers/BSP/Components/cs43l22/cs43l22.o
                0x00000000080015d8                cs43l22_SetVolume
 .text.cs43l22_SetFrequency
                0x0000000008001694       0x1a ./Drivers/BSP/Components/cs43l22/cs43l22.o
                0x0000000008001694                cs43l22_SetFrequency
 *fill*         0x00000000080016ae        0x2 
 .text.cs43l22_SetMute
                0x00000000080016b0       0xbc ./Drivers/BSP/Components/cs43l22/cs43l22.o
                0x00000000080016b0                cs43l22_SetMute
 .text.cs43l22_SetOutputMode
                0x000000000800176c       0xe4 ./Drivers/BSP/Components/cs43l22/cs43l22.o
                0x000000000800176c                cs43l22_SetOutputMode
 .text.cs43l22_Reset
                0x0000000008001850       0x18 ./Drivers/BSP/Components/cs43l22/cs43l22.o
                0x0000000008001850                cs43l22_Reset
 .text.CODEC_IO_Write
                0x0000000008001868       0x2e ./Drivers/BSP/Components/cs43l22/cs43l22.o
 *fill*         0x0000000008001896        0x2 
 .text.I2Cx_Init
                0x0000000008001898       0x4c ./Drivers/BSP/STM32F4-Discovery/stm32f4_discovery.o
 .text.I2Cx_WriteData
                0x00000000080018e4       0x58 ./Drivers/BSP/STM32F4-Discovery/stm32f4_discovery.o
 .text.I2Cx_ReadData
                0x000000000800193c       0x5c ./Drivers/BSP/STM32F4-Discovery/stm32f4_discovery.o
 .text.I2Cx_Error
                0x0000000008001998       0x20 ./Drivers/BSP/STM32F4-Discovery/stm32f4_discovery.o
 .text.I2Cx_MspInit
                0x00000000080019b8       0xa8 ./Drivers/BSP/STM32F4-Discovery/stm32f4_discovery.o
 .text.AUDIO_IO_Init
                0x0000000008001a60       0x70 ./Drivers/BSP/STM32F4-Discovery/stm32f4_discovery.o
                0x0000000008001a60                AUDIO_IO_Init
 .text.AUDIO_IO_DeInit
                0x0000000008001ad0        0xe ./Drivers/BSP/STM32F4-Discovery/stm32f4_discovery.o
                0x0000000008001ad0                AUDIO_IO_DeInit
 .text.AUDIO_IO_Write
                0x0000000008001ade       0x26 ./Drivers/BSP/STM32F4-Discovery/stm32f4_discovery.o
                0x0000000008001ade                AUDIO_IO_Write
 .text.AUDIO_IO_Read
                0x0000000008001b04       0x26 ./Drivers/BSP/STM32F4-Discovery/stm32f4_discovery.o
                0x0000000008001b04                AUDIO_IO_Read
 *fill*         0x0000000008001b2a        0x2 
 .text.BSP_AUDIO_OUT_Init
                0x0000000008001b2c       0x9c ./Drivers/BSP/STM32F4-Discovery/stm32f4_discovery_audio.o
                0x0000000008001b2c                BSP_AUDIO_OUT_Init
 .text.BSP_AUDIO_OUT_Play
                0x0000000008001bc8       0x54 ./Drivers/BSP/STM32F4-Discovery/stm32f4_discovery_audio.o
                0x0000000008001bc8                BSP_AUDIO_OUT_Play
 .text.BSP_AUDIO_OUT_ChangeBuffer
                0x0000000008001c1c       0x24 ./Drivers/BSP/STM32F4-Discovery/stm32f4_discovery_audio.o
                0x0000000008001c1c                BSP_AUDIO_OUT_ChangeBuffer
 .text.HAL_I2S_TxCpltCallback
                0x0000000008001c40       0x24 ./Drivers/BSP/STM32F4-Discovery/stm32f4_discovery_audio.o
                0x0000000008001c40                HAL_I2S_TxCpltCallback
 .text.HAL_I2S_TxHalfCpltCallback
                0x0000000008001c64       0x24 ./Drivers/BSP/STM32F4-Discovery/stm32f4_discovery_audio.o
                0x0000000008001c64                HAL_I2S_TxHalfCpltCallback
 .text.BSP_AUDIO_OUT_ClockConfig
                0x0000000008001c88       0xb4 ./Drivers/BSP/STM32F4-Discovery/stm32f4_discovery_audio.o
                0x0000000008001c88                BSP_AUDIO_OUT_ClockConfig
 .text.BSP_AUDIO_OUT_MspInit
                0x0000000008001d3c      0x180 ./Drivers/BSP/STM32F4-Discovery/stm32f4_discovery_audio.o
                0x0000000008001d3c                BSP_AUDIO_OUT_MspInit
 .text.BSP_AUDIO_OUT_Error_CallBack
                0x0000000008001ebc        0xe ./Drivers/BSP/STM32F4-Discovery/stm32f4_discovery_audio.o
                0x0000000008001ebc                BSP_AUDIO_OUT_Error_CallBack
 *fill*         0x0000000008001eca        0x2 
 .text.I2S3_Init
                0x0000000008001ecc       0x70 ./Drivers/BSP/STM32F4-Discovery/stm32f4_discovery_audio.o
 .text.HAL_I2S_RxCpltCallback
                0x0000000008001f3c       0x14 ./Drivers/BSP/STM32F4-Discovery/stm32f4_discovery_audio.o
                0x0000000008001f3c                HAL_I2S_RxCpltCallback
 .text.BSP_AUDIO_IN_TransferComplete_CallBack
                0x0000000008001f50        0xe ./Drivers/BSP/STM32F4-Discovery/stm32f4_discovery_audio.o
                0x0000000008001f50                BSP_AUDIO_IN_TransferComplete_CallBack
 .text.BSP_AUDIO_IN_Error_Callback
                0x0000000008001f5e        0xe ./Drivers/BSP/STM32F4-Discovery/stm32f4_discovery_audio.o
                0x0000000008001f5e                BSP_AUDIO_IN_Error_Callback
 .text.HAL_I2S_ErrorCallback
                0x0000000008001f6c       0x34 ./Drivers/BSP/STM32F4-Discovery/stm32f4_discovery_audio.o
                0x0000000008001f6c                HAL_I2S_ErrorCallback
 .text.HAL_Init
                0x0000000008001fa0       0x44 ./Drivers/STM32F4xx_HAL_Driver/Src/stm32f4xx_hal.o
                0x0000000008001fa0                HAL_Init
 .text.HAL_InitTick
                0x0000000008001fe4       0x60 ./Drivers/STM32F4xx_HAL_Driver/Src/stm32f4xx_hal.o
                0x0000000008001fe4                HAL_InitTick
 .text.HAL_IncTick
                0x0000000008002044       0x28 ./Drivers/STM32F4xx_HAL_Driver/Src/stm32f4xx_hal.o
                0x0000000008002044                HAL_IncTick
 .text.HAL_GetTick
                0x000000000800206c       0x18 ./Drivers/STM32F4xx_HAL_Driver/Src/stm32f4xx_hal.o
                0x000000000800206c                HAL_GetTick
 .text.HAL_Delay
                0x0000000008002084       0x48 ./Drivers/STM32F4xx_HAL_Driver/Src/stm32f4xx_hal.o
                0x0000000008002084                HAL_Delay
 .text.__NVIC_SetPriorityGrouping
                0x00000000080020cc       0x48 ./Drivers/STM32F4xx_HAL_Driver/Src/stm32f4xx_hal_cortex.o
 .text.__NVIC_GetPriorityGrouping
                0x0000000008002114       0x1c ./Drivers/STM32F4xx_HAL_Driver/Src/stm32f4xx_hal_cortex.o
 .text.__NVIC_EnableIRQ
                0x0000000008002130       0x3c ./Drivers/STM32F4xx_HAL_Driver/Src/stm32f4xx_hal_cortex.o
 .text.__NVIC_SetPriority
                0x000000000800216c       0x54 ./Drivers/STM32F4xx_HAL_Driver/Src/stm32f4xx_hal_cortex.o
 .text.NVIC_EncodePriority
                0x00000000080021c0       0x66 ./Drivers/STM32F4xx_HAL_Driver/Src/stm32f4xx_hal_cortex.o
 *fill*         0x0000000008002226        0x2 
 .text.SysTick_Config
                0x0000000008002228       0x44 ./Drivers/STM32F4xx_HAL_Driver/Src/stm32f4xx_hal_cortex.o
 .text.HAL_NVIC_SetPriorityGrouping
                0x000000000800226c       0x16 ./Drivers/STM32F4xx_HAL_Driver/Src/stm32f4xx_hal_cortex.o
                0x000000000800226c                HAL_NVIC_SetPriorityGrouping
 .text.HAL_NVIC_SetPriority
                0x0000000008002282       0x38 ./Drivers/STM32F4xx_HAL_Driver/Src/stm32f4xx_hal_cortex.o
                0x0000000008002282                HAL_NVIC_SetPriority
 .text.HAL_NVIC_EnableIRQ
                0x00000000080022ba       0x1c ./Drivers/STM32F4xx_HAL_Driver/Src/stm32f4xx_hal_cortex.o
                0x00000000080022ba                HAL_NVIC_EnableIRQ
 .text.HAL_SYSTICK_Config
                0x00000000080022d6       0x18 ./Drivers/STM32F4xx_HAL_Driver/Src/stm32f4xx_hal_cortex.o
                0x00000000080022d6                HAL_SYSTICK_Config
 .text.HAL_CRC_Init
                0x00000000080022ee       0x38 ./Drivers/STM32F4xx_HAL_Driver/Src/stm32f4xx_hal_crc.o
                0x00000000080022ee                HAL_CRC_Init
 *fill*         0x0000000008002326        0x2 
 .text.HAL_DMA_Init
                0x0000000008002328      0x15c ./Drivers/STM32F4xx_HAL_Driver/Src/stm32f4xx_hal_dma.o
                0x0000000008002328                HAL_DMA_Init
 .text.HAL_DMA_DeInit
                0x0000000008002484       0xbc ./Drivers/STM32F4xx_HAL_Driver/Src/stm32f4xx_hal_dma.o
                0x0000000008002484                HAL_DMA_DeInit
 .text.HAL_DMA_Start_IT
                0x0000000008002540       0xb0 ./Drivers/STM32F4xx_HAL_Driver/Src/stm32f4xx_hal_dma.o
                0x0000000008002540                HAL_DMA_Start_IT
 .text.HAL_DMA_IRQHandler
                0x00000000080025f0      0x314 ./Drivers/STM32F4xx_HAL_Driver/Src/stm32f4xx_hal_dma.o
                0x00000000080025f0                HAL_DMA_IRQHandler
 .text.DMA_SetConfig
                0x0000000008002904       0x5c ./Drivers/STM32F4xx_HAL_Driver/Src/stm32f4xx_hal_dma.o
 .text.DMA_CalcBaseAndBitshift
                0x0000000008002960       0x6c ./Drivers/STM32F4xx_HAL_Driver/Src/stm32f4xx_hal_dma.o
 .text.DMA_CheckFifoParam
                0x00000000080029cc       0xf8 ./Drivers/STM32F4xx_HAL_Driver/Src/stm32f4xx_hal_dma.o
 .text.HAL_GPIO_Init
                0x0000000008002ac4      0x338 ./Drivers/STM32F4xx_HAL_Driver/Src/stm32f4xx_hal_gpio.o
                0x0000000008002ac4                HAL_GPIO_Init
 .text.HAL_GPIO_DeInit
                0x0000000008002dfc      0x1f8 ./Drivers/STM32F4xx_HAL_Driver/Src/stm32f4xx_hal_gpio.o
                0x0000000008002dfc                HAL_GPIO_DeInit
 .text.HAL_GPIO_WritePin
                0x0000000008002ff4       0x32 ./Drivers/STM32F4xx_HAL_Driver/Src/stm32f4xx_hal_gpio.o
                0x0000000008002ff4                HAL_GPIO_WritePin
 .text.HAL_GPIO_TogglePin
                0x0000000008003026       0x34 ./Drivers/STM32F4xx_HAL_Driver/Src/stm32f4xx_hal_gpio.o
                0x0000000008003026                HAL_GPIO_TogglePin
 *fill*         0x000000000800305a        0x2 
 .text.HAL_I2C_Init
                0x000000000800305c      0x288 ./Drivers/STM32F4xx_HAL_Driver/Src/stm32f4xx_hal_i2c.o
                0x000000000800305c                HAL_I2C_Init
 .text.HAL_I2C_DeInit
                0x00000000080032e4       0x5e ./Drivers/STM32F4xx_HAL_Driver/Src/stm32f4xx_hal_i2c.o
                0x00000000080032e4                HAL_I2C_DeInit
 *fill*         0x0000000008003342        0x2 
 .text.HAL_I2C_Mem_Write
                0x0000000008003344      0x1f4 ./Drivers/STM32F4xx_HAL_Driver/Src/stm32f4xx_hal_i2c.o
                0x0000000008003344                HAL_I2C_Mem_Write
 .text.HAL_I2C_Mem_Read
                0x0000000008003538      0x44c ./Drivers/STM32F4xx_HAL_Driver/Src/stm32f4xx_hal_i2c.o
                0x0000000008003538                HAL_I2C_Mem_Read
 .text.HAL_I2C_GetState
                0x0000000008003984       0x1c ./Drivers/STM32F4xx_HAL_Driver/Src/stm32f4xx_hal_i2c.o
                0x0000000008003984                HAL_I2C_GetState
 .text.I2C_RequestMemoryWrite
                0x00000000080039a0      0x12c ./Drivers/STM32F4xx_HAL_Driver/Src/stm32f4xx_hal_i2c.o
 .text.I2C_RequestMemoryRead
                0x0000000008003acc      0x1d0 ./Drivers/STM32F4xx_HAL_Driver/Src/stm32f4xx_hal_i2c.o
 .text.I2C_WaitOnFlagUntilTimeout
                0x0000000008003c9c       0xae ./Drivers/STM32F4xx_HAL_Driver/Src/stm32f4xx_hal_i2c.o
 .text.I2C_WaitOnMasterAddressFlagUntilTimeout
                0x0000000008003d4a       0xfe ./Drivers/STM32F4xx_HAL_Driver/Src/stm32f4xx_hal_i2c.o
 .text.I2C_WaitOnTXEFlagUntilTimeout
                0x0000000008003e48       0x82 ./Drivers/STM32F4xx_HAL_Driver/Src/stm32f4xx_hal_i2c.o
 .text.I2C_WaitOnBTFFlagUntilTimeout
                0x0000000008003eca       0x82 ./Drivers/STM32F4xx_HAL_Driver/Src/stm32f4xx_hal_i2c.o
 .text.I2C_WaitOnRXNEFlagUntilTimeout
                0x0000000008003f4c       0xac ./Drivers/STM32F4xx_HAL_Driver/Src/stm32f4xx_hal_i2c.o
 .text.I2C_IsAcknowledgeFailed
                0x0000000008003ff8       0x5e ./Drivers/STM32F4xx_HAL_Driver/Src/stm32f4xx_hal_i2c.o
 *fill*         0x0000000008004056        0x2 
 .text.HAL_I2S_Init
                0x0000000008004058      0x280 ./Drivers/STM32F4xx_HAL_Driver/Src/stm32f4xx_hal_i2s.o
                0x0000000008004058                HAL_I2S_Init
 .text.HAL_I2S_Transmit_DMA
                0x00000000080042d8      0x150 ./Drivers/STM32F4xx_HAL_Driver/Src/stm32f4xx_hal_i2s.o
                0x00000000080042d8                HAL_I2S_Transmit_DMA
 .text.HAL_I2S_GetState
                0x0000000008004428       0x1c ./Drivers/STM32F4xx_HAL_Driver/Src/stm32f4xx_hal_i2s.o
                0x0000000008004428                HAL_I2S_GetState
 .text.I2S_DMATxCplt
                0x0000000008004444       0x42 ./Drivers/STM32F4xx_HAL_Driver/Src/stm32f4xx_hal_i2s.o
 .text.I2S_DMATxHalfCplt
                0x0000000008004486       0x1c ./Drivers/STM32F4xx_HAL_Driver/Src/stm32f4xx_hal_i2s.o
 .text.I2S_DMAError
                0x00000000080044a2       0x4c ./Drivers/STM32F4xx_HAL_Driver/Src/stm32f4xx_hal_i2s.o
 .text.I2S_Transmit_IT
                0x00000000080044ee       0x5c ./Drivers/STM32F4xx_HAL_Driver/Src/stm32f4xx_hal_i2s.o
 .text.I2S_Receive_IT
                0x000000000800454a       0x5e ./Drivers/STM32F4xx_HAL_Driver/Src/stm32f4xx_hal_i2s.o
 .text.I2S_IRQHandler
                0x00000000080045a8      0x114 ./Drivers/STM32F4xx_HAL_Driver/Src/stm32f4xx_hal_i2s.o
 .text.HAL_I2SEx_FullDuplex_IRQHandler
                0x00000000080046bc      0x2a8 ./Drivers/STM32F4xx_HAL_Driver/Src/stm32f4xx_hal_i2s_ex.o
                0x00000000080046bc                HAL_I2SEx_FullDuplex_IRQHandler
 .text.HAL_I2SEx_TxRxCpltCallback
                0x0000000008004964       0x14 ./Drivers/STM32F4xx_HAL_Driver/Src/stm32f4xx_hal_i2s_ex.o
                0x0000000008004964                HAL_I2SEx_TxRxCpltCallback
 .text.I2SEx_TxISR_I2S
                0x0000000008004978       0x62 ./Drivers/STM32F4xx_HAL_Driver/Src/stm32f4xx_hal_i2s_ex.o
 *fill*         0x00000000080049da        0x2 
 .text.I2SEx_TxISR_I2SExt
                0x00000000080049dc       0x98 ./Drivers/STM32F4xx_HAL_Driver/Src/stm32f4xx_hal_i2s_ex.o
 .text.I2SEx_RxISR_I2S
                0x0000000008004a74       0x64 ./Drivers/STM32F4xx_HAL_Driver/Src/stm32f4xx_hal_i2s_ex.o
 .text.I2SEx_RxISR_I2SExt
                0x0000000008004ad8       0x98 ./Drivers/STM32F4xx_HAL_Driver/Src/stm32f4xx_hal_i2s_ex.o
 .text.HAL_PCD_Init
                0x0000000008004b70      0x23a ./Drivers/STM32F4xx_HAL_Driver/Src/stm32f4xx_hal_pcd.o
                0x0000000008004b70                HAL_PCD_Init
 .text.HAL_PCD_IRQHandler
                0x0000000008004daa      0x93e ./Drivers/STM32F4xx_HAL_Driver/Src/stm32f4xx_hal_pcd.o
                0x0000000008004daa                HAL_PCD_IRQHandler
 .text.HAL_PCD_DataOutStageCallback
                0x00000000080056e8       0x18 ./Drivers/STM32F4xx_HAL_Driver/Src/stm32f4xx_hal_pcd.o
                0x00000000080056e8                HAL_PCD_DataOutStageCallback
 .text.HAL_PCD_DataInStageCallback
                0x0000000008005700       0x18 ./Drivers/STM32F4xx_HAL_Driver/Src/stm32f4xx_hal_pcd.o
                0x0000000008005700                HAL_PCD_DataInStageCallback
 .text.HAL_PCD_SetupStageCallback
                0x0000000008005718       0x14 ./Drivers/STM32F4xx_HAL_Driver/Src/stm32f4xx_hal_pcd.o
                0x0000000008005718                HAL_PCD_SetupStageCallback
 .text.HAL_PCD_SOFCallback
                0x000000000800572c       0x14 ./Drivers/STM32F4xx_HAL_Driver/Src/stm32f4xx_hal_pcd.o
                0x000000000800572c                HAL_PCD_SOFCallback
 .text.HAL_PCD_ResetCallback
                0x0000000008005740       0x14 ./Drivers/STM32F4xx_HAL_Driver/Src/stm32f4xx_hal_pcd.o
                0x0000000008005740                HAL_PCD_ResetCallback
 .text.HAL_PCD_SuspendCallback
                0x0000000008005754       0x14 ./Drivers/STM32F4xx_HAL_Driver/Src/stm32f4xx_hal_pcd.o
                0x0000000008005754                HAL_PCD_SuspendCallback
 .text.HAL_PCD_ResumeCallback
                0x0000000008005768       0x14 ./Drivers/STM32F4xx_HAL_Driver/Src/stm32f4xx_hal_pcd.o
                0x0000000008005768                HAL_PCD_ResumeCallback
 .text.HAL_PCD_ISOOUTIncompleteCallback
                0x000000000800577c       0x18 ./Drivers/STM32F4xx_HAL_Driver/Src/stm32f4xx_hal_pcd.o
                0x000000000800577c                HAL_PCD_ISOOUTIncompleteCallback
 .text.HAL_PCD_ISOINIncompleteCallback
                0x0000000008005794       0x18 ./Drivers/STM32F4xx_HAL_Driver/Src/stm32f4xx_hal_pcd.o
                0x0000000008005794                HAL_PCD_ISOINIncompleteCallback
 .text.HAL_PCD_ConnectCallback
                0x00000000080057ac       0x14 ./Drivers/STM32F4xx_HAL_Driver/Src/stm32f4xx_hal_pcd.o
                0x00000000080057ac                HAL_PCD_ConnectCallback
 .text.HAL_PCD_DisconnectCallback
                0x00000000080057c0       0x14 ./Drivers/STM32F4xx_HAL_Driver/Src/stm32f4xx_hal_pcd.o
                0x00000000080057c0                HAL_PCD_DisconnectCallback
 .text.HAL_PCD_EP_Abort
                0x00000000080057d4       0x62 ./Drivers/STM32F4xx_HAL_Driver/Src/stm32f4xx_hal_pcd.o
                0x00000000080057d4                HAL_PCD_EP_Abort
 .text.PCD_WriteEmptyTxFifo
                0x0000000008005836      0x11a ./Drivers/STM32F4xx_HAL_Driver/Src/stm32f4xx_hal_pcd.o
 .text.PCD_EP_OutXfrComplete_int
                0x0000000008005950      0x1d0 ./Drivers/STM32F4xx_HAL_Driver/Src/stm32f4xx_hal_pcd.o
 .text.PCD_EP_OutSetupPacket_int
                0x0000000008005b20       0x8c ./Drivers/STM32F4xx_HAL_Driver/Src/stm32f4xx_hal_pcd.o
 .text.HAL_PCDEx_LPM_Callback
                0x0000000008005bac       0x18 ./Drivers/STM32F4xx_HAL_Driver/Src/stm32f4xx_hal_pcd_ex.o
                0x0000000008005bac                HAL_PCDEx_LPM_Callback
 .text.HAL_RCC_OscConfig
                0x0000000008005bc4      0x4f0 ./Drivers/STM32F4xx_HAL_Driver/Src/stm32f4xx_hal_rcc.o
                0x0000000008005bc4                HAL_RCC_OscConfig
 .text.HAL_RCC_ClockConfig
                0x00000000080060b4      0x1cc ./Drivers/STM32F4xx_HAL_Driver/Src/stm32f4xx_hal_rcc.o
                0x00000000080060b4                HAL_RCC_ClockConfig
 .text.HAL_RCC_GetSysClockFreq
                0x0000000008006280      0x20c ./Drivers/STM32F4xx_HAL_Driver/Src/stm32f4xx_hal_rcc.o
                0x0000000008006280                HAL_RCC_GetSysClockFreq
 .text.HAL_RCC_GetHCLKFreq
                0x000000000800648c       0x18 ./Drivers/STM32F4xx_HAL_Driver/Src/stm32f4xx_hal_rcc.o
                0x000000000800648c                HAL_RCC_GetHCLKFreq
 .text.HAL_RCC_GetPCLK1Freq
                0x00000000080064a4       0x28 ./Drivers/STM32F4xx_HAL_Driver/Src/stm32f4xx_hal_rcc.o
                0x00000000080064a4                HAL_RCC_GetPCLK1Freq
 .text.HAL_RCCEx_PeriphCLKConfig
                0x00000000080064cc      0x1c4 ./Drivers/STM32F4xx_HAL_Driver/Src/stm32f4xx_hal_rcc_ex.o
                0x00000000080064cc                HAL_RCCEx_PeriphCLKConfig
 .text.HAL_RCCEx_GetPeriphCLKConfig
                0x0000000008006690       0x58 ./Drivers/STM32F4xx_HAL_Driver/Src/stm32f4xx_hal_rcc_ex.o
                0x0000000008006690                HAL_RCCEx_GetPeriphCLKConfig
 .text.HAL_RCCEx_GetPeriphCLKFreq
                0x00000000080066e8       0xbc ./Drivers/STM32F4xx_HAL_Driver/Src/stm32f4xx_hal_rcc_ex.o
                0x00000000080066e8                HAL_RCCEx_GetPeriphCLKFreq
 .text.HAL_SPI_Init
                0x00000000080067a4      0x112 ./Drivers/STM32F4xx_HAL_Driver/Src/stm32f4xx_hal_spi.o
                0x00000000080067a4                HAL_SPI_Init
 .text.USB_CoreInit
                0x00000000080068b6       0xc2 ./Drivers/STM32F4xx_HAL_Driver/Src/stm32f4xx_ll_usb.o
                0x00000000080068b6                USB_CoreInit
 .text.USB_SetTurnaroundTime
                0x0000000008006978      0x144 ./Drivers/STM32F4xx_HAL_Driver/Src/stm32f4xx_ll_usb.o
                0x0000000008006978                USB_SetTurnaroundTime
 .text.USB_DisableGlobalInt
                0x0000000008006abc       0x22 ./Drivers/STM32F4xx_HAL_Driver/Src/stm32f4xx_ll_usb.o
                0x0000000008006abc                USB_DisableGlobalInt
 .text.USB_SetCurrentMode
                0x0000000008006ade       0x98 ./Drivers/STM32F4xx_HAL_Driver/Src/stm32f4xx_ll_usb.o
                0x0000000008006ade                USB_SetCurrentMode
 *fill*         0x0000000008006b76        0x2 
 .text.USB_DevInit
                0x0000000008006b78      0x2c8 ./Drivers/STM32F4xx_HAL_Driver/Src/stm32f4xx_ll_usb.o
                0x0000000008006b78                USB_DevInit
 .text.USB_FlushTxFifo
                0x0000000008006e40       0x68 ./Drivers/STM32F4xx_HAL_Driver/Src/stm32f4xx_ll_usb.o
                0x0000000008006e40                USB_FlushTxFifo
 .text.USB_FlushRxFifo
                0x0000000008006ea8       0x60 ./Drivers/STM32F4xx_HAL_Driver/Src/stm32f4xx_ll_usb.o
                0x0000000008006ea8                USB_FlushRxFifo
 .text.USB_SetDevSpeed
                0x0000000008006f08       0x32 ./Drivers/STM32F4xx_HAL_Driver/Src/stm32f4xx_ll_usb.o
                0x0000000008006f08                USB_SetDevSpeed
 .text.USB_GetDevSpeed
                0x0000000008006f3a       0x4a ./Drivers/STM32F4xx_HAL_Driver/Src/stm32f4xx_ll_usb.o
                0x0000000008006f3a                USB_GetDevSpeed
 .text.USB_EPStopXfer
                0x0000000008006f84      0x154 ./Drivers/STM32F4xx_HAL_Driver/Src/stm32f4xx_ll_usb.o
                0x0000000008006f84                USB_EPStopXfer
 .text.USB_WritePacket
                0x00000000080070d8       0x7c ./Drivers/STM32F4xx_HAL_Driver/Src/stm32f4xx_ll_usb.o
                0x00000000080070d8                USB_WritePacket
 .text.USB_ReadPacket
                0x0000000008007154       0xb0 ./Drivers/STM32F4xx_HAL_Driver/Src/stm32f4xx_ll_usb.o
                0x0000000008007154                USB_ReadPacket
 .text.USB_DevDisconnect
                0x0000000008007204       0x42 ./Drivers/STM32F4xx_HAL_Driver/Src/stm32f4xx_ll_usb.o
                0x0000000008007204                USB_DevDisconnect
 .text.USB_ReadInterrupts
                0x0000000008007246       0x26 ./Drivers/STM32F4xx_HAL_Driver/Src/stm32f4xx_ll_usb.o
                0x0000000008007246                USB_ReadInterrupts
 .text.USB_ReadDevAllOutEpInterrupt
                0x000000000800726c       0x34 ./Drivers/STM32F4xx_HAL_Driver/Src/stm32f4xx_ll_usb.o
                0x000000000800726c                USB_ReadDevAllOutEpInterrupt
 .text.USB_ReadDevAllInEpInterrupt
                0x00000000080072a0       0x34 ./Drivers/STM32F4xx_HAL_Driver/Src/stm32f4xx_ll_usb.o
                0x00000000080072a0                USB_ReadDevAllInEpInterrupt
 .text.USB_ReadDevOutEPInterrupt
                0x00000000080072d4       0x3c ./Drivers/STM32F4xx_HAL_Driver/Src/stm32f4xx_ll_usb.o
                0x00000000080072d4                USB_ReadDevOutEPInterrupt
 .text.USB_ReadDevInEPInterrupt
                0x0000000008007310       0x5c ./Drivers/STM32F4xx_HAL_Driver/Src/stm32f4xx_ll_usb.o
                0x0000000008007310                USB_ReadDevInEPInterrupt
 .text.USB_GetMode
                0x000000000800736c       0x1c ./Drivers/STM32F4xx_HAL_Driver/Src/stm32f4xx_ll_usb.o
                0x000000000800736c                USB_GetMode
 .text.USB_ActivateSetup
                0x0000000008007388       0x46 ./Drivers/STM32F4xx_HAL_Driver/Src/stm32f4xx_ll_usb.o
                0x0000000008007388                USB_ActivateSetup
 *fill*         0x00000000080073ce        0x2 
 .text.USB_EP0_OutStart
                0x00000000080073d0       0xbc ./Drivers/STM32F4xx_HAL_Driver/Src/stm32f4xx_ll_usb.o
                0x00000000080073d0                USB_EP0_OutStart
 .text.USB_CoreReset
                0x000000000800748c       0x68 ./Drivers/STM32F4xx_HAL_Driver/Src/stm32f4xx_ll_usb.o
 .text.MX_PDM2PCM_Init
                0x00000000080074f4       0x54 ./PDM2PCM/App/pdm2pcm.o
                0x00000000080074f4                MX_PDM2PCM_Init
 .text.D16_GENERIC
                0x0000000008007548      0x120 ../Middlewares/ST/STM32_Audio/Addons/PDM/Lib\libPDMFilter_CM4_GCC_wc32.a(pdm_filter.o)
 .text.D24_GENERIC
                0x0000000008007668      0x190 ../Middlewares/ST/STM32_Audio/Addons/PDM/Lib\libPDMFilter_CM4_GCC_wc32.a(pdm_filter.o)
 .text.D32_GENERIC
                0x00000000080077f8      0x198 ../Middlewares/ST/STM32_Audio/Addons/PDM/Lib\libPDMFilter_CM4_GCC_wc32.a(pdm_filter.o)
 .text.D48_GENERIC
                0x0000000008007990      0x1ec ../Middlewares/ST/STM32_Audio/Addons/PDM/Lib\libPDMFilter_CM4_GCC_wc32.a(pdm_filter.o)
 .text.D64_GENERIC
                0x0000000008007b7c      0x220 ../Middlewares/ST/STM32_Audio/Addons/PDM/Lib\libPDMFilter_CM4_GCC_wc32.a(pdm_filter.o)
 .text.D80_GENERIC
                0x0000000008007d9c      0x2a0 ../Middlewares/ST/STM32_Audio/Addons/PDM/Lib\libPDMFilter_CM4_GCC_wc32.a(pdm_filter.o)
 .text.D128_GENERIC
                0x000000000800803c      0x3f0 ../Middlewares/ST/STM32_Audio/Addons/PDM/Lib\libPDMFilter_CM4_GCC_wc32.a(pdm_filter.o)
 .text.D16_1CH_HTONS_VOL_HP
                0x000000000800842c       0xe4 ../Middlewares/ST/STM32_Audio/Addons/PDM/Lib\libPDMFilter_CM4_GCC_wc32.a(pdm_filter.o)
 .text.D24_1CH_HTONS_VOL_HP
                0x0000000008008510      0x138 ../Middlewares/ST/STM32_Audio/Addons/PDM/Lib\libPDMFilter_CM4_GCC_wc32.a(pdm_filter.o)
 .text.D32_1CH_HTONS_VOL_HP
                0x0000000008008648      0x144 ../Middlewares/ST/STM32_Audio/Addons/PDM/Lib\libPDMFilter_CM4_GCC_wc32.a(pdm_filter.o)
 .text.D48_1CH_HTONS_VOL_HP
                0x000000000800878c      0x16c ../Middlewares/ST/STM32_Audio/Addons/PDM/Lib\libPDMFilter_CM4_GCC_wc32.a(pdm_filter.o)
 .text.D64_1CH_HTONS_VOL_HP
                0x00000000080088f8      0x1b8 ../Middlewares/ST/STM32_Audio/Addons/PDM/Lib\libPDMFilter_CM4_GCC_wc32.a(pdm_filter.o)
 .text.D80_1CH_HTONS_VOL_HP
                0x0000000008008ab0      0x214 ../Middlewares/ST/STM32_Audio/Addons/PDM/Lib\libPDMFilter_CM4_GCC_wc32.a(pdm_filter.o)
 .text.D128_1CH_HTONS_VOL_HP
                0x0000000008008cc4      0x324 ../Middlewares/ST/STM32_Audio/Addons/PDM/Lib\libPDMFilter_CM4_GCC_wc32.a(pdm_filter.o)
 .text.PDM_Filter_Init
                0x0000000008008fe8      0x114 ../Middlewares/ST/STM32_Audio/Addons/PDM/Lib\libPDMFilter_CM4_GCC_wc32.a(pdm_filter.o)
                0x0000000008008fe8                PDM_Filter_Init
 .text.PDM_Filter_setConfig
                0x00000000080090fc      0x1e4 ../Middlewares/ST/STM32_Audio/Addons/PDM/Lib\libPDMFilter_CM4_GCC_wc32.a(pdm_filter.o)
                0x00000000080090fc                PDM_Filter_setConfig
 .text.CRC_Lock
                0x00000000080092e0       0x7c ../Middlewares/ST/STM32_Audio/Addons/PDM/Lib\libPDMFilter_CM4_GCC_wc32.a(stm32_crc_lock.o)
                0x00000000080092e0                CRC_Lock
 .text.memset   0x000000000800935c       0x10 C:/ST/STM32CubeIDE_1.13.2/STM32CubeIDE/plugins/com.st.stm32cube.ide.mcu.externaltools.gnu-tools-for-stm32.11.3.rel1.win32_1.1.1.202309131626/tools/bin/../lib/gcc/arm-none-eabi/11.3.1/../../../../arm-none-eabi/lib/thumb/v7e-m+fp/hard\libc_nano.a(libc_a-memset.o)
                0x000000000800935c                memset
 .text.__errno  0x000000000800936c        0xc C:/ST/STM32CubeIDE_1.13.2/STM32CubeIDE/plugins/com.st.stm32cube.ide.mcu.externaltools.gnu-tools-for-stm32.11.3.rel1.win32_1.1.1.202309131626/tools/bin/../lib/gcc/arm-none-eabi/11.3.1/../../../../arm-none-eabi/lib/thumb/v7e-m+fp/hard\libc_nano.a(libc_a-errno.o)
                0x000000000800936c                __errno
 .text.__libc_init_array
                0x0000000008009378       0x48 C:/ST/STM32CubeIDE_1.13.2/STM32CubeIDE/plugins/com.st.stm32cube.ide.mcu.externaltools.gnu-tools-for-stm32.11.3.rel1.win32_1.1.1.202309131626/tools/bin/../lib/gcc/arm-none-eabi/11.3.1/../../../../arm-none-eabi/lib/thumb/v7e-m+fp/hard\libc_nano.a(libc_a-init.o)
                0x0000000008009378                __libc_init_array
 .text.powf     0x00000000080093c0       0xae C:/ST/STM32CubeIDE_1.13.2/STM32CubeIDE/plugins/com.st.stm32cube.ide.mcu.externaltools.gnu-tools-for-stm32.11.3.rel1.win32_1.1.1.202309131626/tools/bin/../lib/gcc/arm-none-eabi/11.3.1/../../../../arm-none-eabi/lib/thumb/v7e-m+fp/hard\libm.a(libm_a-wf_pow.o)
                0x00000000080093c0                powf
 .text.finitef  0x000000000800946e       0x1a C:/ST/STM32CubeIDE_1.13.2/STM32CubeIDE/plugins/com.st.stm32cube.ide.mcu.externaltools.gnu-tools-for-stm32.11.3.rel1.win32_1.1.1.202309131626/tools/bin/../lib/gcc/arm-none-eabi/11.3.1/../../../../arm-none-eabi/lib/thumb/v7e-m+fp/hard\libm.a(libm_a-sf_finite.o)
                0x000000000800946e                finitef
 .text.roundf   0x0000000008009488       0x48 C:/ST/STM32CubeIDE_1.13.2/STM32CubeIDE/plugins/com.st.stm32cube.ide.mcu.externaltools.gnu-tools-for-stm32.11.3.rel1.win32_1.1.1.202309131626/tools/bin/../lib/gcc/arm-none-eabi/11.3.1/../../../../arm-none-eabi/lib/thumb/v7e-m+fp/hard\libm.a(libm_a-sf_round.o)
                0x0000000008009488                roundf
 .text.__ieee754_powf
                0x00000000080094d0      0x594 C:/ST/STM32CubeIDE_1.13.2/STM32CubeIDE/plugins/com.st.stm32cube.ide.mcu.externaltools.gnu-tools-for-stm32.11.3.rel1.win32_1.1.1.202309131626/tools/bin/../lib/gcc/arm-none-eabi/11.3.1/../../../../arm-none-eabi/lib/thumb/v7e-m+fp/hard\libm.a(libm_a-ef_pow.o)
                0x00000000080094d0                __ieee754_powf
 .text.fabsf    0x0000000008009a64        0xe C:/ST/STM32CubeIDE_1.13.2/STM32CubeIDE/plugins/com.st.stm32cube.ide.mcu.externaltools.gnu-tools-for-stm32.11.3.rel1.win32_1.1.1.202309131626/tools/bin/../lib/gcc/arm-none-eabi/11.3.1/../../../../arm-none-eabi/lib/thumb/v7e-m+fp/hard\libm.a(libm_a-sf_fabs.o)
                0x0000000008009a64                fabsf
 *fill*         0x0000000008009a72        0x2 
 .text.scalbnf  0x0000000008009a74       0xcc C:/ST/STM32CubeIDE_1.13.2/STM32CubeIDE/plugins/com.st.stm32cube.ide.mcu.externaltools.gnu-tools-for-stm32.11.3.rel1.win32_1.1.1.202309131626/tools/bin/../lib/gcc/arm-none-eabi/11.3.1/../../../../arm-none-eabi/lib/thumb/v7e-m+fp/hard\libm.a(libm_a-sf_scalbn.o)
                0x0000000008009a74                scalbnf
 .text.with_errnof
                0x0000000008009b40       0x16 C:/ST/STM32CubeIDE_1.13.2/STM32CubeIDE/plugins/com.st.stm32cube.ide.mcu.externaltools.gnu-tools-for-stm32.11.3.rel1.win32_1.1.1.202309131626/tools/bin/../lib/gcc/arm-none-eabi/11.3.1/../../../../arm-none-eabi/lib/thumb/v7e-m+fp/hard\libm.a(libm_a-math_errf.o)
 .text.xflowf   0x0000000008009b56       0x16 C:/ST/STM32CubeIDE_1.13.2/STM32CubeIDE/plugins/com.st.stm32cube.ide.mcu.externaltools.gnu-tools-for-stm32.11.3.rel1.win32_1.1.1.202309131626/tools/bin/../lib/gcc/arm-none-eabi/11.3.1/../../../../arm-none-eabi/lib/thumb/v7e-m+fp/hard\libm.a(libm_a-math_errf.o)
 .text.__math_uflowf
                0x0000000008009b6c        0xc C:/ST/STM32CubeIDE_1.13.2/STM32CubeIDE/plugins/com.st.stm32cube.ide.mcu.externaltools.gnu-tools-for-stm32.11.3.rel1.win32_1.1.1.202309131626/tools/bin/../lib/gcc/arm-none-eabi/11.3.1/../../../../arm-none-eabi/lib/thumb/v7e-m+fp/hard\libm.a(libm_a-math_errf.o)
                0x0000000008009b6c                __math_uflowf
 .text.__math_oflowf
                0x0000000008009b78        0xc C:/ST/STM32CubeIDE_1.13.2/STM32CubeIDE/plugins/com.st.stm32cube.ide.mcu.externaltools.gnu-tools-for-stm32.11.3.rel1.win32_1.1.1.202309131626/tools/bin/../lib/gcc/arm-none-eabi/11.3.1/../../../../arm-none-eabi/lib/thumb/v7e-m+fp/hard\libm.a(libm_a-math_errf.o)
                0x0000000008009b78                __math_oflowf
 .text.__ieee754_sqrtf
                0x0000000008009b84        0x6 C:/ST/STM32CubeIDE_1.13.2/STM32CubeIDE/plugins/com.st.stm32cube.ide.mcu.externaltools.gnu-tools-for-stm32.11.3.rel1.win32_1.1.1.202309131626/tools/bin/../lib/gcc/arm-none-eabi/11.3.1/../../../../arm-none-eabi/lib/thumb/v7e-m+fp/hard\libm.a(libm_a-ef_sqrt.o)
                0x0000000008009b84                __ieee754_sqrtf
 *(.glue_7)
 .glue_7        0x0000000008009b8a        0x0 linker stubs
 *(.glue_7t)
 .glue_7t       0x0000000008009b8a        0x0 linker stubs
 *(.eh_frame)
 *fill*         0x0000000008009b8a        0x2 
 .eh_frame      0x0000000008009b8c        0x0 C:/ST/STM32CubeIDE_1.13.2/STM32CubeIDE/plugins/com.st.stm32cube.ide.mcu.externaltools.gnu-tools-for-stm32.11.3.rel1.win32_1.1.1.202309131626/tools/bin/../lib/gcc/arm-none-eabi/11.3.1/thumb/v7e-m+fp/hard/crtbegin.o
 *(.init)
 .init          0x0000000008009b8c        0x4 C:/ST/STM32CubeIDE_1.13.2/STM32CubeIDE/plugins/com.st.stm32cube.ide.mcu.externaltools.gnu-tools-for-stm32.11.3.rel1.win32_1.1.1.202309131626/tools/bin/../lib/gcc/arm-none-eabi/11.3.1/thumb/v7e-m+fp/hard/crti.o
                0x0000000008009b8c                _init
 .init          0x0000000008009b90        0x8 C:/ST/STM32CubeIDE_1.13.2/STM32CubeIDE/plugins/com.st.stm32cube.ide.mcu.externaltools.gnu-tools-for-stm32.11.3.rel1.win32_1.1.1.202309131626/tools/bin/../lib/gcc/arm-none-eabi/11.3.1/thumb/v7e-m+fp/hard/crtn.o
 *(.fini)
 .fini          0x0000000008009b98        0x4 C:/ST/STM32CubeIDE_1.13.2/STM32CubeIDE/plugins/com.st.stm32cube.ide.mcu.externaltools.gnu-tools-for-stm32.11.3.rel1.win32_1.1.1.202309131626/tools/bin/../lib/gcc/arm-none-eabi/11.3.1/thumb/v7e-m+fp/hard/crti.o
                0x0000000008009b98                _fini
 .fini          0x0000000008009b9c        0x8 C:/ST/STM32CubeIDE_1.13.2/STM32CubeIDE/plugins/com.st.stm32cube.ide.mcu.externaltools.gnu-tools-for-stm32.11.3.rel1.win32_1.1.1.202309131626/tools/bin/../lib/gcc/arm-none-eabi/11.3.1/thumb/v7e-m+fp/hard/crtn.o
                0x0000000008009ba4                . = ALIGN (0x4)
                0x0000000008009ba4                _etext = .

.vfp11_veneer   0x0000000008009ba4        0x0
 .vfp11_veneer  0x0000000008009ba4        0x0 linker stubs

.v4_bx          0x0000000008009ba4        0x0
 .v4_bx         0x0000000008009ba4        0x0 linker stubs

.iplt           0x0000000008009ba4        0x0
 .iplt          0x0000000008009ba4        0x0 C:/ST/STM32CubeIDE_1.13.2/STM32CubeIDE/plugins/com.st.stm32cube.ide.mcu.externaltools.gnu-tools-for-stm32.11.3.rel1.win32_1.1.1.202309131626/tools/bin/../lib/gcc/arm-none-eabi/11.3.1/thumb/v7e-m+fp/hard/crtbegin.o

.rodata         0x0000000008009ba4    0x50600
                0x0000000008009ba4                . = ALIGN (0x4)
 *(.rodata)
 .rodata        0x0000000008009ba4       0x38 ../Middlewares/ST/STM32_Audio/Addons/PDM/Lib\libPDMFilter_CM4_GCC_wc32.a(pdm_filter.o)
 *(.rodata*)
 .rodata.audio_data
                0x0000000008009bdc    0x5052e ./Core/Src/main.o
                0x0000000008009bdc                audio_data
 *fill*         0x000000000805a10a        0x2 
 .rodata.AHBPrescTable
                0x000000000805a10c       0x10 ./Core/Src/system_stm32f4xx.o
                0x000000000805a10c                AHBPrescTable
 .rodata.APBPrescTable
                0x000000000805a11c        0x8 ./Core/Src/system_stm32f4xx.o
                0x000000000805a11c                APBPrescTable
 .rodata.I2SFreq
                0x000000000805a124       0x20 ./Drivers/BSP/STM32F4-Discovery/stm32f4_discovery_audio.o
                0x000000000805a124                I2SFreq
 .rodata.I2SPLLN
                0x000000000805a144       0x20 ./Drivers/BSP/STM32F4-Discovery/stm32f4_discovery_audio.o
                0x000000000805a144                I2SPLLN
 .rodata.I2SPLLR
                0x000000000805a164       0x20 ./Drivers/BSP/STM32F4-Discovery/stm32f4_discovery_audio.o
                0x000000000805a164                I2SPLLR
 .rodata.flagBitshiftOffset.0
                0x000000000805a184        0x8 ./Drivers/STM32F4xx_HAL_Driver/Src/stm32f4xx_hal_dma.o
 .rodata.bp     0x000000000805a18c        0x8 C:/ST/STM32CubeIDE_1.13.2/STM32CubeIDE/plugins/com.st.stm32cube.ide.mcu.externaltools.gnu-tools-for-stm32.11.3.rel1.win32_1.1.1.202309131626/tools/bin/../lib/gcc/arm-none-eabi/11.3.1/../../../../arm-none-eabi/lib/thumb/v7e-m+fp/hard\libm.a(libm_a-ef_pow.o)
 .rodata.dp_h   0x000000000805a194        0x8 C:/ST/STM32CubeIDE_1.13.2/STM32CubeIDE/plugins/com.st.stm32cube.ide.mcu.externaltools.gnu-tools-for-stm32.11.3.rel1.win32_1.1.1.202309131626/tools/bin/../lib/gcc/arm-none-eabi/11.3.1/../../../../arm-none-eabi/lib/thumb/v7e-m+fp/hard\libm.a(libm_a-ef_pow.o)
 .rodata.dp_l   0x000000000805a19c        0x8 C:/ST/STM32CubeIDE_1.13.2/STM32CubeIDE/plugins/com.st.stm32cube.ide.mcu.externaltools.gnu-tools-for-stm32.11.3.rel1.win32_1.1.1.202309131626/tools/bin/../lib/gcc/arm-none-eabi/11.3.1/../../../../arm-none-eabi/lib/thumb/v7e-m+fp/hard\libm.a(libm_a-ef_pow.o)
                0x000000000805a1a4                . = ALIGN (0x4)

.ARM.extab      0x000000000805a1a4        0x0
                0x000000000805a1a4                . = ALIGN (0x4)
 *(.ARM.extab* .gnu.linkonce.armextab.*)
                0x000000000805a1a4                . = ALIGN (0x4)

.ARM            0x000000000805a1a4        0x8
                0x000000000805a1a4                . = ALIGN (0x4)
                0x000000000805a1a4                __exidx_start = .
 *(.ARM.exidx*)
 .ARM.exidx     0x000000000805a1a4        0x8 C:/ST/STM32CubeIDE_1.13.2/STM32CubeIDE/plugins/com.st.stm32cube.ide.mcu.externaltools.gnu-tools-for-stm32.11.3.rel1.win32_1.1.1.202309131626/tools/bin/../lib/gcc/arm-none-eabi/11.3.1/thumb/v7e-m+fp/hard\libgcc.a(_udivmoddi4.o)
                0x000000000805a1ac                __exidx_end = .
                0x000000000805a1ac                . = ALIGN (0x4)

.rel.dyn        0x000000000805a1ac        0x0
 .rel.iplt      0x000000000805a1ac        0x0 C:/ST/STM32CubeIDE_1.13.2/STM32CubeIDE/plugins/com.st.stm32cube.ide.mcu.externaltools.gnu-tools-for-stm32.11.3.rel1.win32_1.1.1.202309131626/tools/bin/../lib/gcc/arm-none-eabi/11.3.1/thumb/v7e-m+fp/hard/crtbegin.o

.preinit_array  0x000000000805a1ac        0x0
                0x000000000805a1ac                . = ALIGN (0x4)
                0x000000000805a1ac                PROVIDE (__preinit_array_start = .)
 *(.preinit_array*)
                0x000000000805a1ac                PROVIDE (__preinit_array_end = .)
                0x000000000805a1ac                . = ALIGN (0x4)

.init_array     0x000000000805a1ac        0x4
                0x000000000805a1ac                . = ALIGN (0x4)
                0x000000000805a1ac                PROVIDE (__init_array_start = .)
 *(SORT_BY_NAME(.init_array.*))
 *(.init_array*)
 .init_array    0x000000000805a1ac        0x4 C:/ST/STM32CubeIDE_1.13.2/STM32CubeIDE/plugins/com.st.stm32cube.ide.mcu.externaltools.gnu-tools-for-stm32.11.3.rel1.win32_1.1.1.202309131626/tools/bin/../lib/gcc/arm-none-eabi/11.3.1/thumb/v7e-m+fp/hard/crtbegin.o
                0x000000000805a1b0                PROVIDE (__init_array_end = .)
                0x000000000805a1b0                . = ALIGN (0x4)

.fini_array     0x000000000805a1b0        0x4
                0x000000000805a1b0                . = ALIGN (0x4)
                [!provide]                        PROVIDE (__fini_array_start = .)
 *(SORT_BY_NAME(.fini_array.*))
 *(.fini_array*)
 .fini_array    0x000000000805a1b0        0x4 C:/ST/STM32CubeIDE_1.13.2/STM32CubeIDE/plugins/com.st.stm32cube.ide.mcu.externaltools.gnu-tools-for-stm32.11.3.rel1.win32_1.1.1.202309131626/tools/bin/../lib/gcc/arm-none-eabi/11.3.1/thumb/v7e-m+fp/hard/crtbegin.o
                [!provide]                        PROVIDE (__fini_array_end = .)
                0x000000000805a1b4                . = ALIGN (0x4)
                0x000000000805a1b4                _sidata = LOADADDR (.data)

.data           0x0000000020000000      0x4b0 load address 0x000000000805a1b4
                0x0000000020000000                . = ALIGN (0x4)
                0x0000000020000000                _sdata = .
 *(.data)
 .data          0x0000000020000000      0x400 ../Middlewares/ST/STM32_Audio/Addons/PDM/Lib\libPDMFilter_CM4_GCC_wc32.a(pdm_filter.o)
 *(.data*)
 .data.audio_data_size
                0x0000000020000400        0x4 ./Core/Src/main.o
                0x0000000020000400                audio_data_size
 .data.b        0x0000000020000404        0xc ./Core/Src/main.o
                0x0000000020000404                b
 .data.a        0x0000000020000410        0xc ./Core/Src/main.o
                0x0000000020000410                a
 .data.SystemCoreClock
                0x000000002000041c        0x4 ./Core/Src/system_stm32f4xx.o
                0x000000002000041c                SystemCoreClock
 .data.cs43l22_drv
                0x0000000020000420       0x30 ./Drivers/BSP/Components/cs43l22/cs43l22.o
                0x0000000020000420                cs43l22_drv
 .data.Is_cs43l22_Stop
                0x0000000020000450        0x1 ./Drivers/BSP/Components/cs43l22/cs43l22.o
 *fill*         0x0000000020000451        0x3 
 .data.I2cxTimeout
                0x0000000020000454        0x4 ./Drivers/BSP/STM32F4-Discovery/stm32f4_discovery.o
                0x0000000020000454                I2cxTimeout
 .data.uwTickPrio
                0x0000000020000458        0x4 ./Drivers/STM32F4xx_HAL_Driver/Src/stm32f4xx_hal.o
                0x0000000020000458                uwTickPrio
 .data.uwTickFreq
                0x000000002000045c        0x1 ./Drivers/STM32F4xx_HAL_Driver/Src/stm32f4xx_hal.o
                0x000000002000045c                uwTickFreq
 *fill*         0x000000002000045d        0x3 
 .data._impure_data
                0x0000000020000460       0x4c C:/ST/STM32CubeIDE_1.13.2/STM32CubeIDE/plugins/com.st.stm32cube.ide.mcu.externaltools.gnu-tools-for-stm32.11.3.rel1.win32_1.1.1.202309131626/tools/bin/../lib/gcc/arm-none-eabi/11.3.1/../../../../arm-none-eabi/lib/thumb/v7e-m+fp/hard\libc_nano.a(libc_a-impure.o)
                0x0000000020000460                _impure_data
 .data._impure_ptr
                0x00000000200004ac        0x4 C:/ST/STM32CubeIDE_1.13.2/STM32CubeIDE/plugins/com.st.stm32cube.ide.mcu.externaltools.gnu-tools-for-stm32.11.3.rel1.win32_1.1.1.202309131626/tools/bin/../lib/gcc/arm-none-eabi/11.3.1/../../../../arm-none-eabi/lib/thumb/v7e-m+fp/hard\libc_nano.a(libc_a-impure.o)
                0x00000000200004ac                _impure_ptr
 *(.RamFunc)
 *(.RamFunc*)
                0x00000000200004b0                . = ALIGN (0x4)
                0x00000000200004b0                _edata = .
                0x000000000805a664                _siccmram = LOADADDR (.ccmram)

.igot.plt       0x00000000200004b0        0x0 load address 0x000000000805a664
 .igot.plt      0x00000000200004b0        0x0 C:/ST/STM32CubeIDE_1.13.2/STM32CubeIDE/plugins/com.st.stm32cube.ide.mcu.externaltools.gnu-tools-for-stm32.11.3.rel1.win32_1.1.1.202309131626/tools/bin/../lib/gcc/arm-none-eabi/11.3.1/thumb/v7e-m+fp/hard/crtbegin.o

.ccmram         0x0000000010000000        0x0 load address 0x000000000805a664
                0x0000000010000000                . = ALIGN (0x4)
                0x0000000010000000                _sccmram = .
 *(.ccmram)
 *(.ccmram*)
                0x0000000010000000                . = ALIGN (0x4)
                0x0000000010000000                _eccmram = .
                0x0000000010000000                . = ALIGN (0x4)

.bss            0x00000000200004b0     0x5b54
                0x00000000200004b0                _sbss = .
                0x00000000200004b0                __bss_start__ = _sbss
 *(.bss)
 .bss           0x00000000200004b0       0x1c C:/ST/STM32CubeIDE_1.13.2/STM32CubeIDE/plugins/com.st.stm32cube.ide.mcu.externaltools.gnu-tools-for-stm32.11.3.rel1.win32_1.1.1.202309131626/tools/bin/../lib/gcc/arm-none-eabi/11.3.1/thumb/v7e-m+fp/hard/crtbegin.o
 .bss           0x00000000200004cc        0x1 ../Middlewares/ST/STM32_Audio/Addons/PDM/Lib\libPDMFilter_CM4_GCC_wc32.a(pdm_filter.o)
 *(.bss*)
 *fill*         0x00000000200004cd        0x3 
 .bss.hcrc      0x00000000200004d0        0x8 ./Core/Src/main.o
                0x00000000200004d0                hcrc
 .bss.hi2c1     0x00000000200004d8       0x54 ./Core/Src/main.o
                0x00000000200004d8                hi2c1
 .bss.hi2s3     0x000000002000052c       0x48 ./Core/Src/main.o
                0x000000002000052c                hi2s3
 .bss.hdma_spi3_tx
                0x0000000020000574       0x60 ./Core/Src/main.o
                0x0000000020000574                hdma_spi3_tx
 .bss.hspi1     0x00000000200005d4       0x58 ./Core/Src/main.o
                0x00000000200005d4                hspi1
 .bss.hpcd_USB_OTG_FS
                0x000000002000062c      0x50c ./Core/Src/main.o
                0x000000002000062c                hpcd_USB_OTG_FS
 .bss.Input_Signal
                0x0000000020000b38      0x100 ./Core/Src/main.o
 .bss.Output_Signal
                0x0000000020000c38      0x100 ./Core/Src/main.o
 .bss.OutputBuffer
                0x0000000020000d38      0x200 ./Core/Src/main.o
 .bss.audio_ptr
                0x0000000020000f38        0x4 ./Core/Src/main.o
                0x0000000020000f38                audio_ptr
 .bss.lp_b0     0x0000000020000f3c        0x4 ./Core/Src/main.o
                0x0000000020000f3c                lp_b0
 .bss.lp_b1     0x0000000020000f40        0x4 ./Core/Src/main.o
                0x0000000020000f40                lp_b1
 .bss.lp_b2     0x0000000020000f44        0x4 ./Core/Src/main.o
                0x0000000020000f44                lp_b2
 .bss.lp_a1     0x0000000020000f48        0x4 ./Core/Src/main.o
                0x0000000020000f48                lp_a1
 .bss.lp_a2     0x0000000020000f4c        0x4 ./Core/Src/main.o
                0x0000000020000f4c                lp_a2
 .bss.echo_buffer
                0x0000000020000f50     0x4e20 ./Core/Src/main.o
                0x0000000020000f50                echo_buffer
 .bss.echo_ptr  0x0000000020005d70        0x2 ./Core/Src/main.o
                0x0000000020005d70                echo_ptr
 .bss.OutputDev
                0x0000000020005d72        0x1 ./Drivers/BSP/Components/cs43l22/cs43l22.o
                0x0000000020005d72                OutputDev
 *fill*         0x0000000020005d73        0x1 
 .bss.I2cHandle
                0x0000000020005d74       0x54 ./Drivers/BSP/STM32F4-Discovery/stm32f4_discovery.o
 .bss.pAudioDrv
                0x0000000020005dc8        0x4 ./Drivers/BSP/STM32F4-Discovery/stm32f4_discovery_audio.o
 .bss.hAudioOutI2s
                0x0000000020005dcc       0x48 ./Drivers/BSP/STM32F4-Discovery/stm32f4_discovery_audio.o
                0x0000000020005dcc                hAudioOutI2s
 .bss.hdma_i2sTx.1
                0x0000000020005e14       0x60 ./Drivers/BSP/STM32F4-Discovery/stm32f4_discovery_audio.o
 .bss.uwTick    0x0000000020005e74        0x4 ./Drivers/STM32F4xx_HAL_Driver/Src/stm32f4xx_hal.o
                0x0000000020005e74                uwTick
 .bss.PDM1_filter_handler
                0x0000000020005e78       0x4c ./PDM2PCM/App/pdm2pcm.o
                0x0000000020005e78                PDM1_filter_handler
 .bss.PDM1_filter_config
                0x0000000020005ec4        0x6 ./PDM2PCM/App/pdm2pcm.o
                0x0000000020005ec4                PDM1_filter_config
 *fill*         0x0000000020005eca        0x2 
 .bss.__sf      0x0000000020005ecc      0x138 C:/ST/STM32CubeIDE_1.13.2/STM32CubeIDE/plugins/com.st.stm32cube.ide.mcu.externaltools.gnu-tools-for-stm32.11.3.rel1.win32_1.1.1.202309131626/tools/bin/../lib/gcc/arm-none-eabi/11.3.1/../../../../arm-none-eabi/lib/thumb/v7e-m+fp/hard\libc_nano.a(libc_a-findfp.o)
                0x0000000020005ecc                __sf
 *(COMMON)
                0x0000000020006004                . = ALIGN (0x4)
                0x0000000020006004                _ebss = .
                0x0000000020006004                __bss_end__ = _ebss

._user_heap_stack
                0x0000000020006004      0x604
                0x0000000020006008                . = ALIGN (0x8)
 *fill*         0x0000000020006004        0x4 
                [!provide]                        PROVIDE (end = .)
                0x0000000020006008                PROVIDE (_end = .)
                0x0000000020006208                . = (. + _Min_Heap_Size)
 *fill*         0x0000000020006008      0x200 
                0x0000000020006608                . = (. + _Min_Stack_Size)
 *fill*         0x0000000020006208      0x400 
                0x0000000020006608                . = ALIGN (0x8)

/DISCARD/
 libc.a(*)
 libm.a(*)
 libgcc.a(*)

.ARM.attributes
                0x0000000000000000       0x30
 *(.ARM.attributes)
 .ARM.attributes
                0x0000000000000000       0x1e C:/ST/STM32CubeIDE_1.13.2/STM32CubeIDE/plugins/com.st.stm32cube.ide.mcu.externaltools.gnu-tools-for-stm32.11.3.rel1.win32_1.1.1.202309131626/tools/bin/../lib/gcc/arm-none-eabi/11.3.1/thumb/v7e-m+fp/hard/crti.o
 .ARM.attributes
                0x000000000000001e       0x34 C:/ST/STM32CubeIDE_1.13.2/STM32CubeIDE/plugins/com.st.stm32cube.ide.mcu.externaltools.gnu-tools-for-stm32.11.3.rel1.win32_1.1.1.202309131626/tools/bin/../lib/gcc/arm-none-eabi/11.3.1/thumb/v7e-m+fp/hard/crtbegin.o
 .ARM.attributes
                0x0000000000000052       0x34 ./Core/Src/main.o
 .ARM.attributes
                0x0000000000000086       0x34 ./Core/Src/stm32f4xx_hal_msp.o
 .ARM.attributes
                0x00000000000000ba       0x34 ./Core/Src/stm32f4xx_it.o
 .ARM.attributes
                0x00000000000000ee       0x34 ./Core/Src/system_stm32f4xx.o
 .ARM.attributes
                0x0000000000000122       0x21 ./Core/Startup/startup_stm32f407vgtx.o
 .ARM.attributes
                0x0000000000000143       0x34 ./Drivers/BSP/Components/cs43l22/cs43l22.o
 .ARM.attributes
                0x0000000000000177       0x34 ./Drivers/BSP/STM32F4-Discovery/stm32f4_discovery.o
 .ARM.attributes
                0x00000000000001ab       0x34 ./Drivers/BSP/STM32F4-Discovery/stm32f4_discovery_audio.o
 .ARM.attributes
                0x00000000000001df       0x34 ./Drivers/STM32F4xx_HAL_Driver/Src/stm32f4xx_hal.o
 .ARM.attributes
                0x0000000000000213       0x34 ./Drivers/STM32F4xx_HAL_Driver/Src/stm32f4xx_hal_cortex.o
 .ARM.attributes
                0x0000000000000247       0x34 ./Drivers/STM32F4xx_HAL_Driver/Src/stm32f4xx_hal_crc.o
 .ARM.attributes
                0x000000000000027b       0x34 ./Drivers/STM32F4xx_HAL_Driver/Src/stm32f4xx_hal_dma.o
 .ARM.attributes
                0x00000000000002af       0x34 ./Drivers/STM32F4xx_HAL_Driver/Src/stm32f4xx_hal_gpio.o
 .ARM.attributes
                0x00000000000002e3       0x34 ./Drivers/STM32F4xx_HAL_Driver/Src/stm32f4xx_hal_i2c.o
 .ARM.attributes
                0x0000000000000317       0x34 ./Drivers/STM32F4xx_HAL_Driver/Src/stm32f4xx_hal_i2s.o
 .ARM.attributes
                0x000000000000034b       0x34 ./Drivers/STM32F4xx_HAL_Driver/Src/stm32f4xx_hal_i2s_ex.o
 .ARM.attributes
                0x000000000000037f       0x34 ./Drivers/STM32F4xx_HAL_Driver/Src/stm32f4xx_hal_pcd.o
 .ARM.attributes
                0x00000000000003b3       0x34 ./Drivers/STM32F4xx_HAL_Driver/Src/stm32f4xx_hal_pcd_ex.o
 .ARM.attributes
                0x00000000000003e7       0x34 ./Drivers/STM32F4xx_HAL_Driver/Src/stm32f4xx_hal_rcc.o
 .ARM.attributes
                0x000000000000041b       0x34 ./Drivers/STM32F4xx_HAL_Driver/Src/stm32f4xx_hal_rcc_ex.o
 .ARM.attributes
                0x000000000000044f       0x34 ./Drivers/STM32F4xx_HAL_Driver/Src/stm32f4xx_hal_spi.o
 .ARM.attributes
                0x0000000000000483       0x34 ./Drivers/STM32F4xx_HAL_Driver/Src/stm32f4xx_ll_usb.o
 .ARM.attributes
                0x00000000000004b7       0x34 ./PDM2PCM/App/pdm2pcm.o
 .ARM.attributes
                0x00000000000004eb       0x39 ../Middlewares/ST/STM32_Audio/Addons/PDM/Lib\libPDMFilter_CM4_GCC_wc32.a(pdm_filter.o)
 .ARM.attributes
                0x0000000000000524       0x39 ../Middlewares/ST/STM32_Audio/Addons/PDM/Lib\libPDMFilter_CM4_GCC_wc32.a(stm32_crc_lock.o)
 .ARM.attributes
                0x000000000000055d       0x34 C:/ST/STM32CubeIDE_1.13.2/STM32CubeIDE/plugins/com.st.stm32cube.ide.mcu.externaltools.gnu-tools-for-stm32.11.3.rel1.win32_1.1.1.202309131626/tools/bin/../lib/gcc/arm-none-eabi/11.3.1/../../../../arm-none-eabi/lib/thumb/v7e-m+fp/hard\libc_nano.a(libc_a-findfp.o)
 .ARM.attributes
                0x0000000000000591       0x34 C:/ST/STM32CubeIDE_1.13.2/STM32CubeIDE/plugins/com.st.stm32cube.ide.mcu.externaltools.gnu-tools-for-stm32.11.3.rel1.win32_1.1.1.202309131626/tools/bin/../lib/gcc/arm-none-eabi/11.3.1/../../../../arm-none-eabi/lib/thumb/v7e-m+fp/hard\libc_nano.a(libc_a-memset.o)
 .ARM.attributes
                0x00000000000005c5       0x34 C:/ST/STM32CubeIDE_1.13.2/STM32CubeIDE/plugins/com.st.stm32cube.ide.mcu.externaltools.gnu-tools-for-stm32.11.3.rel1.win32_1.1.1.202309131626/tools/bin/../lib/gcc/arm-none-eabi/11.3.1/../../../../arm-none-eabi/lib/thumb/v7e-m+fp/hard\libc_nano.a(libc_a-impure.o)
 .ARM.attributes
                0x00000000000005f9       0x34 C:/ST/STM32CubeIDE_1.13.2/STM32CubeIDE/plugins/com.st.stm32cube.ide.mcu.externaltools.gnu-tools-for-stm32.11.3.rel1.win32_1.1.1.202309131626/tools/bin/../lib/gcc/arm-none-eabi/11.3.1/../../../../arm-none-eabi/lib/thumb/v7e-m+fp/hard\libc_nano.a(libc_a-errno.o)
 .ARM.attributes
                0x000000000000062d       0x34 C:/ST/STM32CubeIDE_1.13.2/STM32CubeIDE/plugins/com.st.stm32cube.ide.mcu.externaltools.gnu-tools-for-stm32.11.3.rel1.win32_1.1.1.202309131626/tools/bin/../lib/gcc/arm-none-eabi/11.3.1/../../../../arm-none-eabi/lib/thumb/v7e-m+fp/hard\libc_nano.a(libc_a-init.o)
 .ARM.attributes
                0x0000000000000661       0x34 C:/ST/STM32CubeIDE_1.13.2/STM32CubeIDE/plugins/com.st.stm32cube.ide.mcu.externaltools.gnu-tools-for-stm32.11.3.rel1.win32_1.1.1.202309131626/tools/bin/../lib/gcc/arm-none-eabi/11.3.1/../../../../arm-none-eabi/lib/thumb/v7e-m+fp/hard\libm.a(libm_a-wf_pow.o)
 .ARM.attributes
                0x0000000000000695       0x34 C:/ST/STM32CubeIDE_1.13.2/STM32CubeIDE/plugins/com.st.stm32cube.ide.mcu.externaltools.gnu-tools-for-stm32.11.3.rel1.win32_1.1.1.202309131626/tools/bin/../lib/gcc/arm-none-eabi/11.3.1/../../../../arm-none-eabi/lib/thumb/v7e-m+fp/hard\libm.a(libm_a-sf_finite.o)
 .ARM.attributes
                0x00000000000006c9       0x34 C:/ST/STM32CubeIDE_1.13.2/STM32CubeIDE/plugins/com.st.stm32cube.ide.mcu.externaltools.gnu-tools-for-stm32.11.3.rel1.win32_1.1.1.202309131626/tools/bin/../lib/gcc/arm-none-eabi/11.3.1/../../../../arm-none-eabi/lib/thumb/v7e-m+fp/hard\libm.a(libm_a-sf_round.o)
 .ARM.attributes
                0x00000000000006fd       0x34 C:/ST/STM32CubeIDE_1.13.2/STM32CubeIDE/plugins/com.st.stm32cube.ide.mcu.externaltools.gnu-tools-for-stm32.11.3.rel1.win32_1.1.1.202309131626/tools/bin/../lib/gcc/arm-none-eabi/11.3.1/../../../../arm-none-eabi/lib/thumb/v7e-m+fp/hard\libm.a(libm_a-ef_pow.o)
 .ARM.attributes
                0x0000000000000731       0x34 C:/ST/STM32CubeIDE_1.13.2/STM32CubeIDE/plugins/com.st.stm32cube.ide.mcu.externaltools.gnu-tools-for-stm32.11.3.rel1.win32_1.1.1.202309131626/tools/bin/../lib/gcc/arm-none-eabi/11.3.1/../../../../arm-none-eabi/lib/thumb/v7e-m+fp/hard\libm.a(libm_a-sf_fabs.o)
 .ARM.attributes
                0x0000000000000765       0x34 C:/ST/STM32CubeIDE_1.13.2/STM32CubeIDE/plugins/com.st.stm32cube.ide.mcu.externaltools.gnu-tools-for-stm32.11.3.rel1.win32_1.1.1.202309131626/tools/bin/../lib/gcc/arm-none-eabi/11.3.1/../../../../arm-none-eabi/lib/thumb/v7e-m+fp/hard\libm.a(libm_a-sf_scalbn.o)
 .ARM.attributes
                0x0000000000000799       0x34 C:/ST/STM32CubeIDE_1.13.2/STM32CubeIDE/plugins/com.st.stm32cube.ide.mcu.externaltools.gnu-tools-for-stm32.11.3.rel1.win32_1.1.1.202309131626/tools/bin/../lib/gcc/arm-none-eabi/11.3.1/../../../../arm-none-eabi/lib/thumb/v7e-m+fp/hard\libm.a(libm_a-math_errf.o)
 .ARM.attributes
                0x00000000000007cd       0x34 C:/ST/STM32CubeIDE_1.13.2/STM32CubeIDE/plugins/com.st.stm32cube.ide.mcu.externaltools.gnu-tools-for-stm32.11.3.rel1.win32_1.1.1.202309131626/tools/bin/../lib/gcc/arm-none-eabi/11.3.1/../../../../arm-none-eabi/lib/thumb/v7e-m+fp/hard\libm.a(libm_a-ef_sqrt.o)
 .ARM.attributes
                0x0000000000000801       0x1e C:/ST/STM32CubeIDE_1.13.2/STM32CubeIDE/plugins/com.st.stm32cube.ide.mcu.externaltools.gnu-tools-for-stm32.11.3.rel1.win32_1.1.1.202309131626/tools/bin/../lib/gcc/arm-none-eabi/11.3.1/thumb/v7e-m+fp/hard\libgcc.a(_aeabi_uldivmod.o)
 .ARM.attributes
                0x000000000000081f       0x34 C:/ST/STM32CubeIDE_1.13.2/STM32CubeIDE/plugins/com.st.stm32cube.ide.mcu.externaltools.gnu-tools-for-stm32.11.3.rel1.win32_1.1.1.202309131626/tools/bin/../lib/gcc/arm-none-eabi/11.3.1/thumb/v7e-m+fp/hard\libgcc.a(_udivmoddi4.o)
 .ARM.attributes
                0x0000000000000853       0x1e C:/ST/STM32CubeIDE_1.13.2/STM32CubeIDE/plugins/com.st.stm32cube.ide.mcu.externaltools.gnu-tools-for-stm32.11.3.rel1.win32_1.1.1.202309131626/tools/bin/../lib/gcc/arm-none-eabi/11.3.1/thumb/v7e-m+fp/hard\libgcc.a(_dvmd_tls.o)
 .ARM.attributes
                0x0000000000000871       0x1e C:/ST/STM32CubeIDE_1.13.2/STM32CubeIDE/plugins/com.st.stm32cube.ide.mcu.externaltools.gnu-tools-for-stm32.11.3.rel1.win32_1.1.1.202309131626/tools/bin/../lib/gcc/arm-none-eabi/11.3.1/thumb/v7e-m+fp/hard/crtn.o
OUTPUT(STM32F4_DSP_3_effects.elf elf32-littlearm)
LOAD linker stubs
LOAD C:/ST/STM32CubeIDE_1.13.2/STM32CubeIDE/plugins/com.st.stm32cube.ide.mcu.externaltools.gnu-tools-for-stm32.11.3.rel1.win32_1.1.1.202309131626/tools/bin/../lib/gcc/arm-none-eabi/11.3.1/../../../../arm-none-eabi/lib/thumb/v7e-m+fp/hard\libc.a
LOAD C:/ST/STM32CubeIDE_1.13.2/STM32CubeIDE/plugins/com.st.stm32cube.ide.mcu.externaltools.gnu-tools-for-stm32.11.3.rel1.win32_1.1.1.202309131626/tools/bin/../lib/gcc/arm-none-eabi/11.3.1/../../../../arm-none-eabi/lib/thumb/v7e-m+fp/hard\libm.a
LOAD C:/ST/STM32CubeIDE_1.13.2/STM32CubeIDE/plugins/com.st.stm32cube.ide.mcu.externaltools.gnu-tools-for-stm32.11.3.rel1.win32_1.1.1.202309131626/tools/bin/../lib/gcc/arm-none-eabi/11.3.1/thumb/v7e-m+fp/hard\libgcc.a

.comment        0x0000000000000000       0xc2
 .comment       0x0000000000000000       0x43 C:/ST/STM32CubeIDE_1.13.2/STM32CubeIDE/plugins/com.st.stm32cube.ide.mcu.externaltools.gnu-tools-for-stm32.11.3.rel1.win32_1.1.1.202309131626/tools/bin/../lib/gcc/arm-none-eabi/11.3.1/thumb/v7e-m+fp/hard/crtbegin.o
                                         0x44 (size before relaxing)
 .comment       0x0000000000000043       0x44 ./Core/Src/main.o
 .comment       0x0000000000000043       0x44 ./Core/Src/stm32f4xx_hal_msp.o
 .comment       0x0000000000000043       0x44 ./Core/Src/stm32f4xx_it.o
 .comment       0x0000000000000043       0x44 ./Core/Src/system_stm32f4xx.o
 .comment       0x0000000000000043       0x44 ./Drivers/BSP/Components/cs43l22/cs43l22.o
 .comment       0x0000000000000043       0x44 ./Drivers/BSP/STM32F4-Discovery/stm32f4_discovery.o
 .comment       0x0000000000000043       0x44 ./Drivers/BSP/STM32F4-Discovery/stm32f4_discovery_audio.o
 .comment       0x0000000000000043       0x44 ./Drivers/STM32F4xx_HAL_Driver/Src/stm32f4xx_hal.o
 .comment       0x0000000000000043       0x44 ./Drivers/STM32F4xx_HAL_Driver/Src/stm32f4xx_hal_cortex.o
 .comment       0x0000000000000043       0x44 ./Drivers/STM32F4xx_HAL_Driver/Src/stm32f4xx_hal_crc.o
 .comment       0x0000000000000043       0x44 ./Drivers/STM32F4xx_HAL_Driver/Src/stm32f4xx_hal_dma.o
 .comment       0x0000000000000043       0x44 ./Drivers/STM32F4xx_HAL_Driver/Src/stm32f4xx_hal_gpio.o
 .comment       0x0000000000000043       0x44 ./Drivers/STM32F4xx_HAL_Driver/Src/stm32f4xx_hal_i2c.o
 .comment       0x0000000000000043       0x44 ./Drivers/STM32F4xx_HAL_Driver/Src/stm32f4xx_hal_i2s.o
 .comment       0x0000000000000043       0x44 ./Drivers/STM32F4xx_HAL_Driver/Src/stm32f4xx_hal_i2s_ex.o
 .comment       0x0000000000000043       0x44 ./Drivers/STM32F4xx_HAL_Driver/Src/stm32f4xx_hal_pcd.o
 .comment       0x0000000000000043       0x44 ./Drivers/STM32F4xx_HAL_Driver/Src/stm32f4xx_hal_pcd_ex.o
 .comment       0x0000000000000043       0x44 ./Drivers/STM32F4xx_HAL_Driver/Src/stm32f4xx_hal_rcc.o
 .comment       0x0000000000000043       0x44 ./Drivers/STM32F4xx_HAL_Driver/Src/stm32f4xx_hal_rcc_ex.o
 .comment       0x0000000000000043       0x44 ./Drivers/STM32F4xx_HAL_Driver/Src/stm32f4xx_hal_spi.o
 .comment       0x0000000000000043       0x44 ./Drivers/STM32F4xx_HAL_Driver/Src/stm32f4xx_ll_usb.o
 .comment       0x0000000000000043       0x44 ./PDM2PCM/App/pdm2pcm.o
 .comment       0x0000000000000043       0x7f ../Middlewares/ST/STM32_Audio/Addons/PDM/Lib\libPDMFilter_CM4_GCC_wc32.a(pdm_filter.o)
                                         0x80 (size before relaxing)
 .comment       0x00000000000000c2       0x80 ../Middlewares/ST/STM32_Audio/Addons/PDM/Lib\libPDMFilter_CM4_GCC_wc32.a(stm32_crc_lock.o)

.debug_info     0x0000000000000000    0x139c1
 .debug_info    0x0000000000000000     0x1e27 ./Core/Src/main.o
 .debug_info    0x0000000000001e27     0x18a6 ./Core/Src/stm32f4xx_hal_msp.o
 .debug_info    0x00000000000036cd      0x879 ./Core/Src/stm32f4xx_it.o
 .debug_info    0x0000000000003f46      0x512 ./Core/Src/system_stm32f4xx.o
 .debug_info    0x0000000000004458       0x23 ./Core/Startup/startup_stm32f407vgtx.o
 .debug_info    0x000000000000447b      0x5c7 ./Drivers/BSP/Components/cs43l22/cs43l22.o
 .debug_info    0x0000000000004a42     0x15c3 ./Drivers/BSP/STM32F4-Discovery/stm32f4_discovery.o
 .debug_info    0x0000000000006005     0x1836 ./Drivers/BSP/STM32F4-Discovery/stm32f4_discovery_audio.o
 .debug_info    0x000000000000783b      0x948 ./Drivers/STM32F4xx_HAL_Driver/Src/stm32f4xx_hal.o
 .debug_info    0x0000000000008183      0xd46 ./Drivers/STM32F4xx_HAL_Driver/Src/stm32f4xx_hal_cortex.o
 .debug_info    0x0000000000008ec9      0x375 ./Drivers/STM32F4xx_HAL_Driver/Src/stm32f4xx_hal_crc.o
 .debug_info    0x000000000000923e      0x8e7 ./Drivers/STM32F4xx_HAL_Driver/Src/stm32f4xx_hal_dma.o
 .debug_info    0x0000000000009b25      0x6c3 ./Drivers/STM32F4xx_HAL_Driver/Src/stm32f4xx_hal_gpio.o
 .debug_info    0x000000000000a1e8     0x23e1 ./Drivers/STM32F4xx_HAL_Driver/Src/stm32f4xx_hal_i2c.o
 .debug_info    0x000000000000c5c9      0xdf8 ./Drivers/STM32F4xx_HAL_Driver/Src/stm32f4xx_hal_i2s.o
 .debug_info    0x000000000000d3c1      0xaeb ./Drivers/STM32F4xx_HAL_Driver/Src/stm32f4xx_hal_i2s_ex.o
 .debug_info    0x000000000000deac     0x1541 ./Drivers/STM32F4xx_HAL_Driver/Src/stm32f4xx_hal_pcd.o
 .debug_info    0x000000000000f3ed      0x6d2 ./Drivers/STM32F4xx_HAL_Driver/Src/stm32f4xx_hal_pcd_ex.o
 .debug_info    0x000000000000fabf      0x8b1 ./Drivers/STM32F4xx_HAL_Driver/Src/stm32f4xx_hal_rcc.o
 .debug_info    0x0000000000010370      0x53a ./Drivers/STM32F4xx_HAL_Driver/Src/stm32f4xx_hal_rcc_ex.o
 .debug_info    0x00000000000108aa     0x15fb ./Drivers/STM32F4xx_HAL_Driver/Src/stm32f4xx_hal_spi.o
 .debug_info    0x0000000000011ea5     0x18f6 ./Drivers/STM32F4xx_HAL_Driver/Src/stm32f4xx_ll_usb.o
 .debug_info    0x000000000001379b      0x226 ./PDM2PCM/App/pdm2pcm.o

.debug_abbrev   0x0000000000000000     0x335b
 .debug_abbrev  0x0000000000000000      0x379 ./Core/Src/main.o
 .debug_abbrev  0x0000000000000379      0x29e ./Core/Src/stm32f4xx_hal_msp.o
 .debug_abbrev  0x0000000000000617      0x1d2 ./Core/Src/stm32f4xx_it.o
 .debug_abbrev  0x00000000000007e9      0x11a ./Core/Src/system_stm32f4xx.o
 .debug_abbrev  0x0000000000000903       0x12 ./Core/Startup/startup_stm32f407vgtx.o
 .debug_abbrev  0x0000000000000915      0x203 ./Drivers/BSP/Components/cs43l22/cs43l22.o
 .debug_abbrev  0x0000000000000b18      0x2fa ./Drivers/BSP/STM32F4-Discovery/stm32f4_discovery.o
 .debug_abbrev  0x0000000000000e12      0x35b ./Drivers/BSP/STM32F4-Discovery/stm32f4_discovery_audio.o
 .debug_abbrev  0x000000000000116d      0x213 ./Drivers/STM32F4xx_HAL_Driver/Src/stm32f4xx_hal.o
 .debug_abbrev  0x0000000000001380      0x327 ./Drivers/STM32F4xx_HAL_Driver/Src/stm32f4xx_hal_cortex.o
 .debug_abbrev  0x00000000000016a7      0x1aa ./Drivers/STM32F4xx_HAL_Driver/Src/stm32f4xx_hal_crc.o
 .debug_abbrev  0x0000000000001851      0x264 ./Drivers/STM32F4xx_HAL_Driver/Src/stm32f4xx_hal_dma.o
 .debug_abbrev  0x0000000000001ab5      0x1d4 ./Drivers/STM32F4xx_HAL_Driver/Src/stm32f4xx_hal_gpio.o
 .debug_abbrev  0x0000000000001c89      0x2ad ./Drivers/STM32F4xx_HAL_Driver/Src/stm32f4xx_hal_i2c.o
 .debug_abbrev  0x0000000000001f36      0x256 ./Drivers/STM32F4xx_HAL_Driver/Src/stm32f4xx_hal_i2s.o
 .debug_abbrev  0x000000000000218c      0x288 ./Drivers/STM32F4xx_HAL_Driver/Src/stm32f4xx_hal_i2s_ex.o
 .debug_abbrev  0x0000000000002414      0x2d0 ./Drivers/STM32F4xx_HAL_Driver/Src/stm32f4xx_hal_pcd.o
 .debug_abbrev  0x00000000000026e4      0x1da ./Drivers/STM32F4xx_HAL_Driver/Src/stm32f4xx_hal_pcd_ex.o
 .debug_abbrev  0x00000000000028be      0x2b6 ./Drivers/STM32F4xx_HAL_Driver/Src/stm32f4xx_hal_rcc.o
 .debug_abbrev  0x0000000000002b74      0x1af ./Drivers/STM32F4xx_HAL_Driver/Src/stm32f4xx_hal_rcc_ex.o
 .debug_abbrev  0x0000000000002d23      0x284 ./Drivers/STM32F4xx_HAL_Driver/Src/stm32f4xx_hal_spi.o
 .debug_abbrev  0x0000000000002fa7      0x2ac ./Drivers/STM32F4xx_HAL_Driver/Src/stm32f4xx_ll_usb.o
 .debug_abbrev  0x0000000000003253      0x108 ./PDM2PCM/App/pdm2pcm.o

.debug_aranges  0x0000000000000000     0x11b8
 .debug_aranges
                0x0000000000000000       0x98 ./Core/Src/main.o
 .debug_aranges
                0x0000000000000098       0x70 ./Core/Src/stm32f4xx_hal_msp.o
 .debug_aranges
                0x0000000000000108       0x70 ./Core/Src/stm32f4xx_it.o
 .debug_aranges
                0x0000000000000178       0x28 ./Core/Src/system_stm32f4xx.o
 .debug_aranges
                0x00000000000001a0       0x28 ./Core/Startup/startup_stm32f407vgtx.o
 .debug_aranges
                0x00000000000001c8       0x80 ./Drivers/BSP/Components/cs43l22/cs43l22.o
 .debug_aranges
                0x0000000000000248       0xd8 ./Drivers/BSP/STM32F4-Discovery/stm32f4_discovery.o
 .debug_aranges
                0x0000000000000320      0x140 ./Drivers/BSP/STM32F4-Discovery/stm32f4_discovery_audio.o
 .debug_aranges
                0x0000000000000460       0xf0 ./Drivers/STM32F4xx_HAL_Driver/Src/stm32f4xx_hal.o
 .debug_aranges
                0x0000000000000550      0x118 ./Drivers/STM32F4xx_HAL_Driver/Src/stm32f4xx_hal_cortex.o
 .debug_aranges
                0x0000000000000668       0x50 ./Drivers/STM32F4xx_HAL_Driver/Src/stm32f4xx_hal_crc.o
 .debug_aranges
                0x00000000000006b8       0x90 ./Drivers/STM32F4xx_HAL_Driver/Src/stm32f4xx_hal_dma.o
 .debug_aranges
                0x0000000000000748       0x58 ./Drivers/STM32F4xx_HAL_Driver/Src/stm32f4xx_hal_gpio.o
 .debug_aranges
                0x00000000000007a0      0x2a0 ./Drivers/STM32F4xx_HAL_Driver/Src/stm32f4xx_hal_i2c.o
 .debug_aranges
                0x0000000000000a40      0x108 ./Drivers/STM32F4xx_HAL_Driver/Src/stm32f4xx_hal_i2s.o
 .debug_aranges
                0x0000000000000b48       0x88 ./Drivers/STM32F4xx_HAL_Driver/Src/stm32f4xx_hal_i2s_ex.o
 .debug_aranges
                0x0000000000000bd0      0x148 ./Drivers/STM32F4xx_HAL_Driver/Src/stm32f4xx_hal_pcd.o
 .debug_aranges
                0x0000000000000d18       0x38 ./Drivers/STM32F4xx_HAL_Driver/Src/stm32f4xx_hal_pcd_ex.o
 .debug_aranges
                0x0000000000000d50       0x88 ./Drivers/STM32F4xx_HAL_Driver/Src/stm32f4xx_hal_rcc.o
 .debug_aranges
                0x0000000000000dd8       0x48 ./Drivers/STM32F4xx_HAL_Driver/Src/stm32f4xx_hal_rcc_ex.o
 .debug_aranges
                0x0000000000000e20      0x1d0 ./Drivers/STM32F4xx_HAL_Driver/Src/stm32f4xx_hal_spi.o
 .debug_aranges
                0x0000000000000ff0      0x1a0 ./Drivers/STM32F4xx_HAL_Driver/Src/stm32f4xx_ll_usb.o
 .debug_aranges
                0x0000000000001190       0x28 ./PDM2PCM/App/pdm2pcm.o

.debug_rnglists
                0x0000000000000000      0xd97
 .debug_rnglists
                0x0000000000000000       0x76 ./Core/Src/main.o
 .debug_rnglists
                0x0000000000000076       0x53 ./Core/Src/stm32f4xx_hal_msp.o
 .debug_rnglists
                0x00000000000000c9       0x4f ./Core/Src/stm32f4xx_it.o
 .debug_rnglists
                0x0000000000000118       0x1a ./Core/Src/system_stm32f4xx.o
 .debug_rnglists
                0x0000000000000132       0x19 ./Core/Startup/startup_stm32f407vgtx.o
 .debug_rnglists
                0x000000000000014b       0x5f ./Drivers/BSP/Components/cs43l22/cs43l22.o
 .debug_rnglists
                0x00000000000001aa       0xa0 ./Drivers/BSP/STM32F4-Discovery/stm32f4_discovery.o
 .debug_rnglists
                0x000000000000024a       0xf2 ./Drivers/BSP/STM32F4-Discovery/stm32f4_discovery_audio.o
 .debug_rnglists
                0x000000000000033c       0xaf ./Drivers/STM32F4xx_HAL_Driver/Src/stm32f4xx_hal.o
 .debug_rnglists
                0x00000000000003eb       0xce ./Drivers/STM32F4xx_HAL_Driver/Src/stm32f4xx_hal_cortex.o
 .debug_rnglists
                0x00000000000004b9       0x37 ./Drivers/STM32F4xx_HAL_Driver/Src/stm32f4xx_hal_crc.o
 .debug_rnglists
                0x00000000000004f0       0x70 ./Drivers/STM32F4xx_HAL_Driver/Src/stm32f4xx_hal_dma.o
 .debug_rnglists
                0x0000000000000560       0x3f ./Drivers/STM32F4xx_HAL_Driver/Src/stm32f4xx_hal_gpio.o
 .debug_rnglists
                0x000000000000059f      0x235 ./Drivers/STM32F4xx_HAL_Driver/Src/stm32f4xx_hal_i2c.o
 .debug_rnglists
                0x00000000000007d4       0xcc ./Drivers/STM32F4xx_HAL_Driver/Src/stm32f4xx_hal_i2s.o
 .debug_rnglists
                0x00000000000008a0       0x6a ./Drivers/STM32F4xx_HAL_Driver/Src/stm32f4xx_hal_i2s_ex.o
 .debug_rnglists
                0x000000000000090a       0xfc ./Drivers/STM32F4xx_HAL_Driver/Src/stm32f4xx_hal_pcd.o
 .debug_rnglists
                0x0000000000000a06       0x26 ./Drivers/STM32F4xx_HAL_Driver/Src/stm32f4xx_hal_pcd_ex.o
 .debug_rnglists
                0x0000000000000a2c       0x66 ./Drivers/STM32F4xx_HAL_Driver/Src/stm32f4xx_hal_rcc.o
 .debug_rnglists
                0x0000000000000a92       0x35 ./Drivers/STM32F4xx_HAL_Driver/Src/stm32f4xx_hal_rcc_ex.o
 .debug_rnglists
                0x0000000000000ac7      0x16f ./Drivers/STM32F4xx_HAL_Driver/Src/stm32f4xx_hal_spi.o
 .debug_rnglists
                0x0000000000000c36      0x148 ./Drivers/STM32F4xx_HAL_Driver/Src/stm32f4xx_ll_usb.o
 .debug_rnglists
                0x0000000000000d7e       0x19 ./PDM2PCM/App/pdm2pcm.o

.debug_macro    0x0000000000000000    0x22b12
 .debug_macro   0x0000000000000000      0x344 ./Core/Src/main.o
 .debug_macro   0x0000000000000344      0xaae ./Core/Src/main.o
 .debug_macro   0x0000000000000df2      0x2ad ./Core/Src/main.o
 .debug_macro   0x000000000000109f       0x2e ./Core/Src/main.o
 .debug_macro   0x00000000000010cd       0x2f ./Core/Src/main.o
 .debug_macro   0x00000000000010fc       0x22 ./Core/Src/main.o
 .debug_macro   0x000000000000111e       0x8e ./Core/Src/main.o
 .debug_macro   0x00000000000011ac       0x51 ./Core/Src/main.o
 .debug_macro   0x00000000000011fd      0x103 ./Core/Src/main.o
 .debug_macro   0x0000000000001300       0x6a ./Core/Src/main.o
 .debug_macro   0x000000000000136a      0x1df ./Core/Src/main.o
 .debug_macro   0x0000000000001549       0x1c ./Core/Src/main.o
 .debug_macro   0x0000000000001565       0x22 ./Core/Src/main.o
 .debug_macro   0x0000000000001587       0xd9 ./Core/Src/main.o
 .debug_macro   0x0000000000001660     0x102d ./Core/Src/main.o
 .debug_macro   0x000000000000268d      0x11f ./Core/Src/main.o
 .debug_macro   0x00000000000027ac    0x15e82 ./Core/Src/main.o
 .debug_macro   0x000000000001862e       0x6d ./Core/Src/main.o
 .debug_macro   0x000000000001869b     0x367e ./Core/Src/main.o
 .debug_macro   0x000000000001bd19      0x174 ./Core/Src/main.o
 .debug_macro   0x000000000001be8d       0x5c ./Core/Src/main.o
 .debug_macro   0x000000000001bee9      0x96b ./Core/Src/main.o
 .debug_macro   0x000000000001c854      0x9fe ./Core/Src/main.o
 .debug_macro   0x000000000001d252      0x115 ./Core/Src/main.o
 .debug_macro   0x000000000001d367      0x13e ./Core/Src/main.o
 .debug_macro   0x000000000001d4a5       0xa5 ./Core/Src/main.o
 .debug_macro   0x000000000001d54a      0x174 ./Core/Src/main.o
 .debug_macro   0x000000000001d6be      0x287 ./Core/Src/main.o
 .debug_macro   0x000000000001d945       0x5f ./Core/Src/main.o
 .debug_macro   0x000000000001d9a4      0x236 ./Core/Src/main.o
 .debug_macro   0x000000000001dbda       0x22 ./Core/Src/main.o
 .debug_macro   0x000000000001dbfc      0x12c ./Core/Src/main.o
 .debug_macro   0x000000000001dd28      0x21e ./Core/Src/main.o
 .debug_macro   0x000000000001df46       0x2e ./Core/Src/main.o
 .debug_macro   0x000000000001df74      0x1b5 ./Core/Src/main.o
 .debug_macro   0x000000000001e129       0xd6 ./Core/Src/main.o
 .debug_macro   0x000000000001e1ff      0x1a7 ./Core/Src/main.o
 .debug_macro   0x000000000001e3a6       0x46 ./Core/Src/main.o
 .debug_macro   0x000000000001e3ec       0x4a ./Core/Src/main.o
 .debug_macro   0x000000000001e436      0x11a ./Core/Src/main.o
 .debug_macro   0x000000000001e550       0x7e ./Core/Src/main.o
 .debug_macro   0x000000000001e5ce       0x89 ./Core/Src/main.o
 .debug_macro   0x000000000001e657      0x225 ./Core/Src/main.o
 .debug_macro   0x000000000001e87c      0x248 ./Core/Src/main.o
 .debug_macro   0x000000000001eac4       0xba ./Core/Src/main.o
 .debug_macro   0x000000000001eb7e      0x12d ./Core/Src/main.o
 .debug_macro   0x000000000001ecab      0x190 ./Core/Src/main.o
 .debug_macro   0x000000000001ee3b       0x82 ./Core/Src/main.o
 .debug_macro   0x000000000001eebd       0x61 ./Core/Src/main.o