../Core/Src/main.c:126:5:main	40	static
../Core/Src/main.c:238:6:SystemClock_Config	88	static
../Core/Src/main.c:284:13:MX_CRC_Init	8	static
../Core/Src/main.c:311:13:MX_I2C1_Init	8	static
../Core/Src/main.c:345:13:MX_I2S3_Init	8	static
../Core/Src/main.c:379:13:MX_SPI1_Init	8	static
../Core/Src/main.c:415:13:MX_DMA_Init	16	static
../Core/Src/main.c:433:13:MX_GPIO_Init	56	static
../Core/Src/main.c:527:7:BSP_AUDIO_OUT_TransferComplete_CallBack	8	static
../Core/Src/main.c:539:6:Error_Handler	8	static,ignoring_inline_asm
